INFO:root:Namespace(data='wikipedia', bs=200, prefix='gat', n_degree=20, n_head=2, n_epoch=100, n_layer=2, lr=0.0001, drop_out=0.1, gpu=0, uniform=False)
INFO:utils.gat_module:Aggregation uses GAT attention
INFO:root:num of training instances: 81029
INFO:root:num of batches per epoch: 406
INFO:root:start 0 epoch
/leonardo_work/IscrC_SISTER/tripteshb/venv/lib/python3.11/site-packages/numpy/_core/fromnumeric.py:3824: RuntimeWarning: Mean of empty slice
  return _methods._mean(a, axis=axis, dtype=dtype,
/leonardo_work/IscrC_SISTER/tripteshb/venv/lib/python3.11/site-packages/numpy/_core/_methods.py:142: RuntimeWarning: invalid value encountered in scalar divide
  ret = ret.dtype.type(ret / rcount)
/leonardo_work/IscrC_SISTER/tripteshb/venv/lib/python3.11/site-packages/numpy/_core/fromnumeric.py:3824: RuntimeWarning: Mean of empty slice
  return _methods._mean(a, axis=axis, dtype=dtype,
/leonardo_work/IscrC_SISTER/tripteshb/venv/lib/python3.11/site-packages/numpy/_core/_methods.py:142: RuntimeWarning: invalid value encountered in scalar divide
  ret = ret.dtype.type(ret / rcount)
INFO:root:epoch: 0:
INFO:root:Epoch mean loss: 1.0209411917061642
INFO:root:train acc: 0.7603026038001408, val acc: 0.7869289340101523, new node val acc: 0.7767248545303409
INFO:root:train auc: 0.8359959554388259, val auc: 0.8576191483361534, new node val auc: 0.8425117761152675
INFO:root:train ap: 0.8114564991959542, val ap: 0.8562677195235958, new node val ap: 0.8444312476636975
INFO:root:start 1 epoch
/leonardo_work/IscrC_SISTER/tripteshb/venv/lib/python3.11/site-packages/numpy/_core/fromnumeric.py:3824: RuntimeWarning: Mean of empty slice
  return _methods._mean(a, axis=axis, dtype=dtype,
/leonardo_work/IscrC_SISTER/tripteshb/venv/lib/python3.11/site-packages/numpy/_core/_methods.py:142: RuntimeWarning: invalid value encountered in scalar divide
  ret = ret.dtype.type(ret / rcount)
/leonardo_work/IscrC_SISTER/tripteshb/venv/lib/python3.11/site-packages/numpy/_core/fromnumeric.py:3824: RuntimeWarning: Mean of empty slice
  return _methods._mean(a, axis=axis, dtype=dtype,
/leonardo_work/IscrC_SISTER/tripteshb/venv/lib/python3.11/site-packages/numpy/_core/_methods.py:142: RuntimeWarning: invalid value encountered in scalar divide
  ret = ret.dtype.type(ret / rcount)
INFO:root:epoch: 1:
INFO:root:Epoch mean loss: 0.7450246594369118
INFO:root:train acc: 0.8356905348346235, val acc: 0.8053299492385787, new node val acc: 0.7889027431421446
INFO:root:train auc: 0.9156632389162561, val auc: 0.8804251269035535, new node val auc: 0.8612108617345526
INFO:root:train ap: 0.9099784075143996, val ap: 0.8778626796309933, new node val ap: 0.8629004903555778
INFO:root:start 2 epoch
/leonardo_work/IscrC_SISTER/tripteshb/venv/lib/python3.11/site-packages/numpy/_core/fromnumeric.py:3824: RuntimeWarning: Mean of empty slice
  return _methods._mean(a, axis=axis, dtype=dtype,
/leonardo_work/IscrC_SISTER/tripteshb/venv/lib/python3.11/site-packages/numpy/_core/_methods.py:142: RuntimeWarning: invalid value encountered in scalar divide
  ret = ret.dtype.type(ret / rcount)
/leonardo_work/IscrC_SISTER/tripteshb/venv/lib/python3.11/site-packages/numpy/_core/fromnumeric.py:3824: RuntimeWarning: Mean of empty slice
  return _methods._mean(a, axis=axis, dtype=dtype,
/leonardo_work/IscrC_SISTER/tripteshb/venv/lib/python3.11/site-packages/numpy/_core/_methods.py:142: RuntimeWarning: invalid value encountered in scalar divide
  ret = ret.dtype.type(ret / rcount)
INFO:root:epoch: 2:
INFO:root:Epoch mean loss: 0.6737453058875841
INFO:root:train acc: 0.854326178747361, val acc: 0.8031091370558374, new node val acc: 0.7702826267664172
INFO:root:train auc: 0.931382793807178, val auc: 0.8902227862380145, new node val auc: 0.8645303408146301
INFO:root:train ap: 0.9268977384242189, val ap: 0.8908884880672623, new node val ap: 0.8673114593991876
INFO:root:start 3 epoch
/leonardo_work/IscrC_SISTER/tripteshb/venv/lib/python3.11/site-packages/numpy/_core/fromnumeric.py:3824: RuntimeWarning: Mean of empty slice
  return _methods._mean(a, axis=axis, dtype=dtype,
/leonardo_work/IscrC_SISTER/tripteshb/venv/lib/python3.11/site-packages/numpy/_core/_methods.py:142: RuntimeWarning: invalid value encountered in scalar divide
  ret = ret.dtype.type(ret / rcount)
/leonardo_work/IscrC_SISTER/tripteshb/venv/lib/python3.11/site-packages/numpy/_core/fromnumeric.py:3824: RuntimeWarning: Mean of empty slice
  return _methods._mean(a, axis=axis, dtype=dtype,
/leonardo_work/IscrC_SISTER/tripteshb/venv/lib/python3.11/site-packages/numpy/_core/_methods.py:142: RuntimeWarning: invalid value encountered in scalar divide
  ret = ret.dtype.type(ret / rcount)
INFO:root:epoch: 3:
INFO:root:Epoch mean loss: 0.6350438648403571
INFO:root:train acc: 0.8636937016185786, val acc: 0.8206218274111675, new node val acc: 0.7953034081463008
INFO:root:train auc: 0.9391033753895646, val auc: 0.8976318386914833, new node val auc: 0.8688403990024939
INFO:root:train ap: 0.935569184127817, val ap: 0.8985617059816631, new node val ap: 0.8702568489222169
INFO:root:start 4 epoch
/leonardo_work/IscrC_SISTER/tripteshb/venv/lib/python3.11/site-packages/numpy/_core/fromnumeric.py:3824: RuntimeWarning: Mean of empty slice
  return _methods._mean(a, axis=axis, dtype=dtype,
/leonardo_work/IscrC_SISTER/tripteshb/venv/lib/python3.11/site-packages/numpy/_core/_methods.py:142: RuntimeWarning: invalid value encountered in scalar divide
  ret = ret.dtype.type(ret / rcount)
/leonardo_work/IscrC_SISTER/tripteshb/venv/lib/python3.11/site-packages/numpy/_core/fromnumeric.py:3824: RuntimeWarning: Mean of empty slice
  return _methods._mean(a, axis=axis, dtype=dtype,
/leonardo_work/IscrC_SISTER/tripteshb/venv/lib/python3.11/site-packages/numpy/_core/_methods.py:142: RuntimeWarning: invalid value encountered in scalar divide
  ret = ret.dtype.type(ret / rcount)
INFO:root:epoch: 4:
INFO:root:Epoch mean loss: 0.5977547064496966
INFO:root:train acc: 0.8731729415904294, val acc: 0.8208333333333333, new node val acc: 0.7905236907730673
INFO:root:train auc: 0.9466359354579271, val auc: 0.9027664974619289, new node val auc: 0.8726184538653369
INFO:root:train ap: 0.9439605490921235, val ap: 0.9057131832566491, new node val ap: 0.8800342915609375
INFO:root:start 5 epoch
/leonardo_work/IscrC_SISTER/tripteshb/venv/lib/python3.11/site-packages/numpy/_core/fromnumeric.py:3824: RuntimeWarning: Mean of empty slice
  return _methods._mean(a, axis=axis, dtype=dtype,
/leonardo_work/IscrC_SISTER/tripteshb/venv/lib/python3.11/site-packages/numpy/_core/_methods.py:142: RuntimeWarning: invalid value encountered in scalar divide
  ret = ret.dtype.type(ret / rcount)
/leonardo_work/IscrC_SISTER/tripteshb/venv/lib/python3.11/site-packages/numpy/_core/fromnumeric.py:3824: RuntimeWarning: Mean of empty slice
  return _methods._mean(a, axis=axis, dtype=dtype,
/leonardo_work/IscrC_SISTER/tripteshb/venv/lib/python3.11/site-packages/numpy/_core/_methods.py:142: RuntimeWarning: invalid value encountered in scalar divide
  ret = ret.dtype.type(ret / rcount)
INFO:root:epoch: 5:
INFO:root:Epoch mean loss: 0.5680284748964122
INFO:root:train acc: 0.8792223786066151, val acc: 0.8266285956006769, new node val acc: 0.7984621778886116
INFO:root:train auc: 0.9516629410877652, val auc: 0.9102735476593344, new node val auc: 0.8839401496259353
INFO:root:train ap: 0.9501642815004105, val ap: 0.9149261757456704, new node val ap: 0.890501448324164
INFO:root:start 6 epoch
/leonardo_work/IscrC_SISTER/tripteshb/venv/lib/python3.11/site-packages/numpy/_core/fromnumeric.py:3824: RuntimeWarning: Mean of empty slice
  return _methods._mean(a, axis=axis, dtype=dtype,
/leonardo_work/IscrC_SISTER/tripteshb/venv/lib/python3.11/site-packages/numpy/_core/_methods.py:142: RuntimeWarning: invalid value encountered in scalar divide
  ret = ret.dtype.type(ret / rcount)
/leonardo_work/IscrC_SISTER/tripteshb/venv/lib/python3.11/site-packages/numpy/_core/fromnumeric.py:3824: RuntimeWarning: Mean of empty slice
  return _methods._mean(a, axis=axis, dtype=dtype,
/leonardo_work/IscrC_SISTER/tripteshb/venv/lib/python3.11/site-packages/numpy/_core/_methods.py:142: RuntimeWarning: invalid value encountered in scalar divide
  ret = ret.dtype.type(ret / rcount)
INFO:root:epoch: 6:
INFO:root:Epoch mean loss: 0.5405831367071039
INFO:root:train acc: 0.8859236453201971, val acc: 0.8302241962774958, new node val acc: 0.7953449709060681
INFO:root:train auc: 0.956036380315673, val auc: 0.9150133953750705, new node val auc: 0.8882003325020781
INFO:root:train ap: 0.954861191593655, val ap: 0.9183643898936676, new node val ap: 0.8958348456950321
INFO:root:start 7 epoch
/leonardo_work/IscrC_SISTER/tripteshb/venv/lib/python3.11/site-packages/numpy/_core/fromnumeric.py:3824: RuntimeWarning: Mean of empty slice
  return _methods._mean(a, axis=axis, dtype=dtype,
/leonardo_work/IscrC_SISTER/tripteshb/venv/lib/python3.11/site-packages/numpy/_core/_methods.py:142: RuntimeWarning: invalid value encountered in scalar divide
  ret = ret.dtype.type(ret / rcount)
/leonardo_work/IscrC_SISTER/tripteshb/venv/lib/python3.11/site-packages/numpy/_core/fromnumeric.py:3824: RuntimeWarning: Mean of empty slice
  return _methods._mean(a, axis=axis, dtype=dtype,
/leonardo_work/IscrC_SISTER/tripteshb/venv/lib/python3.11/site-packages/numpy/_core/_methods.py:142: RuntimeWarning: invalid value encountered in scalar divide
  ret = ret.dtype.type(ret / rcount)
INFO:root:epoch: 7:
INFO:root:Epoch mean loss: 0.5170323630712302
INFO:root:train acc: 0.8908831808585503, val acc: 0.8350888324873097, new node val acc: 0.8052369077306732
INFO:root:train auc: 0.959732013421132, val auc: 0.9176501692047377, new node val auc: 0.8888348573011915
INFO:root:train ap: 0.9591592256340845, val ap: 0.92237386020061, new node val ap: 0.895345667247021
INFO:root:start 8 epoch
/leonardo_work/IscrC_SISTER/tripteshb/venv/lib/python3.11/site-packages/numpy/_core/fromnumeric.py:3824: RuntimeWarning: Mean of empty slice
  return _methods._mean(a, axis=axis, dtype=dtype,
/leonardo_work/IscrC_SISTER/tripteshb/venv/lib/python3.11/site-packages/numpy/_core/_methods.py:142: RuntimeWarning: invalid value encountered in scalar divide
  ret = ret.dtype.type(ret / rcount)
/leonardo_work/IscrC_SISTER/tripteshb/venv/lib/python3.11/site-packages/numpy/_core/fromnumeric.py:3824: RuntimeWarning: Mean of empty slice
  return _methods._mean(a, axis=axis, dtype=dtype,
/leonardo_work/IscrC_SISTER/tripteshb/venv/lib/python3.11/site-packages/numpy/_core/_methods.py:142: RuntimeWarning: invalid value encountered in scalar divide
  ret = ret.dtype.type(ret / rcount)
INFO:root:epoch: 8:
INFO:root:Epoch mean loss: 0.4976104083172794
INFO:root:train acc: 0.8958339197748064, val acc: 0.8423434856175973, new node val acc: 0.8105985037406485
INFO:root:train auc: 0.9625066722378607, val auc: 0.9245903835307389, new node val auc: 0.8976018287614298
INFO:root:train ap: 0.9621123610304937, val ap: 0.9297440236291207, new node val ap: 0.90659847234427
INFO:root:start 9 epoch
/leonardo_work/IscrC_SISTER/tripteshb/venv/lib/python3.11/site-packages/numpy/_core/fromnumeric.py:3824: RuntimeWarning: Mean of empty slice
  return _methods._mean(a, axis=axis, dtype=dtype,
/leonardo_work/IscrC_SISTER/tripteshb/venv/lib/python3.11/site-packages/numpy/_core/_methods.py:142: RuntimeWarning: invalid value encountered in scalar divide
  ret = ret.dtype.type(ret / rcount)
/leonardo_work/IscrC_SISTER/tripteshb/venv/lib/python3.11/site-packages/numpy/_core/fromnumeric.py:3824: RuntimeWarning: Mean of empty slice
  return _methods._mean(a, axis=axis, dtype=dtype,
/leonardo_work/IscrC_SISTER/tripteshb/venv/lib/python3.11/site-packages/numpy/_core/_methods.py:142: RuntimeWarning: invalid value encountered in scalar divide
  ret = ret.dtype.type(ret / rcount)
INFO:root:epoch: 9:
INFO:root:Epoch mean loss: 0.4838224424443809
INFO:root:train acc: 0.8976688951442646, val acc: 0.845706429780034, new node val acc: 0.8123025768911056
INFO:root:train auc: 0.9645299204534029, val auc: 0.923828962210942, new node val auc: 0.8966486561374343
INFO:root:train ap: 0.9648549745723176, val ap: 0.9294399815469433, new node val ap: 0.905747311247164
INFO:root:start 10 epoch
/leonardo_work/IscrC_SISTER/tripteshb/venv/lib/python3.11/site-packages/numpy/_core/fromnumeric.py:3824: RuntimeWarning: Mean of empty slice
  return _methods._mean(a, axis=axis, dtype=dtype,
/leonardo_work/IscrC_SISTER/tripteshb/venv/lib/python3.11/site-packages/numpy/_core/_methods.py:142: RuntimeWarning: invalid value encountered in scalar divide
  ret = ret.dtype.type(ret / rcount)
/leonardo_work/IscrC_SISTER/tripteshb/venv/lib/python3.11/site-packages/numpy/_core/fromnumeric.py:3824: RuntimeWarning: Mean of empty slice
  return _methods._mean(a, axis=axis, dtype=dtype,
/leonardo_work/IscrC_SISTER/tripteshb/venv/lib/python3.11/site-packages/numpy/_core/_methods.py:142: RuntimeWarning: invalid value encountered in scalar divide
  ret = ret.dtype.type(ret / rcount)
INFO:root:epoch: 10:
INFO:root:Epoch mean loss: 0.46543800401423363
INFO:root:train acc: 0.9016581632653061, val acc: 0.8510363790186125, new node val acc: 0.8155860349127181
INFO:root:train auc: 0.966840201191314, val auc: 0.9292167230682459, new node val auc: 0.901939595455805
INFO:root:train ap: 0.966830423251859, val ap: 0.9349726066533718, new node val ap: 0.9092742745498292
INFO:root:start 11 epoch
/leonardo_work/IscrC_SISTER/tripteshb/venv/lib/python3.11/site-packages/numpy/_core/fromnumeric.py:3824: RuntimeWarning: Mean of empty slice
  return _methods._mean(a, axis=axis, dtype=dtype,
/leonardo_work/IscrC_SISTER/tripteshb/venv/lib/python3.11/site-packages/numpy/_core/_methods.py:142: RuntimeWarning: invalid value encountered in scalar divide
  ret = ret.dtype.type(ret / rcount)
/leonardo_work/IscrC_SISTER/tripteshb/venv/lib/python3.11/site-packages/numpy/_core/fromnumeric.py:3824: RuntimeWarning: Mean of empty slice
  return _methods._mean(a, axis=axis, dtype=dtype,
/leonardo_work/IscrC_SISTER/tripteshb/venv/lib/python3.11/site-packages/numpy/_core/_methods.py:142: RuntimeWarning: invalid value encountered in scalar divide
  ret = ret.dtype.type(ret / rcount)
INFO:root:epoch: 11:
INFO:root:Epoch mean loss: 0.452451998156867
INFO:root:train acc: 0.9043288177339902, val acc: 0.8457698815566836, new node val acc: 0.8088113050706568
INFO:root:train auc: 0.9685405053031063, val auc: 0.9289431754089115, new node val auc: 0.8974341922970351
INFO:root:train ap: 0.9685655053036936, val ap: 0.935270600673409, new node val ap: 0.9077744950853569
INFO:root:start 12 epoch
/leonardo_work/IscrC_SISTER/tripteshb/venv/lib/python3.11/site-packages/numpy/_core/fromnumeric.py:3824: RuntimeWarning: Mean of empty slice
  return _methods._mean(a, axis=axis, dtype=dtype,
/leonardo_work/IscrC_SISTER/tripteshb/venv/lib/python3.11/site-packages/numpy/_core/_methods.py:142: RuntimeWarning: invalid value encountered in scalar divide
  ret = ret.dtype.type(ret / rcount)
/leonardo_work/IscrC_SISTER/tripteshb/venv/lib/python3.11/site-packages/numpy/_core/fromnumeric.py:3824: RuntimeWarning: Mean of empty slice
  return _methods._mean(a, axis=axis, dtype=dtype,
/leonardo_work/IscrC_SISTER/tripteshb/venv/lib/python3.11/site-packages/numpy/_core/_methods.py:142: RuntimeWarning: invalid value encountered in scalar divide
  ret = ret.dtype.type(ret / rcount)
INFO:root:epoch: 12:
INFO:root:Epoch mean loss: 0.43839665788588267
INFO:root:train acc: 0.9072510555946517, val acc: 0.8496192893401016, new node val acc: 0.8142560266001662
INFO:root:train auc: 0.9704614739368654, val auc: 0.9325239706711788, new node val auc: 0.9070102521474093
INFO:root:train ap: 0.9706799307589048, val ap: 0.938534366191909, new node val ap: 0.9156404944974551
INFO:root:start 13 epoch
/leonardo_work/IscrC_SISTER/tripteshb/venv/lib/python3.11/site-packages/numpy/_core/fromnumeric.py:3824: RuntimeWarning: Mean of empty slice
  return _methods._mean(a, axis=axis, dtype=dtype,
/leonardo_work/IscrC_SISTER/tripteshb/venv/lib/python3.11/site-packages/numpy/_core/_methods.py:142: RuntimeWarning: invalid value encountered in scalar divide
  ret = ret.dtype.type(ret / rcount)
/leonardo_work/IscrC_SISTER/tripteshb/venv/lib/python3.11/site-packages/numpy/_core/fromnumeric.py:3824: RuntimeWarning: Mean of empty slice
  return _methods._mean(a, axis=axis, dtype=dtype,
/leonardo_work/IscrC_SISTER/tripteshb/venv/lib/python3.11/site-packages/numpy/_core/_methods.py:142: RuntimeWarning: invalid value encountered in scalar divide
  ret = ret.dtype.type(ret / rcount)
INFO:root:epoch: 13:
INFO:root:Epoch mean loss: 0.4320847633216769
INFO:root:train acc: 0.9086470795214638, val acc: 0.8474830795262267, new node val acc: 0.8133000831255195
INFO:root:train auc: 0.9711861547451492, val auc: 0.9306034968979132, new node val auc: 0.9024715987808258
INFO:root:train ap: 0.9714910179972897, val ap: 0.9378813482138472, new node val ap: 0.9131697624864165
INFO:root:start 14 epoch
/leonardo_work/IscrC_SISTER/tripteshb/venv/lib/python3.11/site-packages/numpy/_core/fromnumeric.py:3824: RuntimeWarning: Mean of empty slice
  return _methods._mean(a, axis=axis, dtype=dtype,
/leonardo_work/IscrC_SISTER/tripteshb/venv/lib/python3.11/site-packages/numpy/_core/_methods.py:142: RuntimeWarning: invalid value encountered in scalar divide
  ret = ret.dtype.type(ret / rcount)
/leonardo_work/IscrC_SISTER/tripteshb/venv/lib/python3.11/site-packages/numpy/_core/fromnumeric.py:3824: RuntimeWarning: Mean of empty slice
  return _methods._mean(a, axis=axis, dtype=dtype,
/leonardo_work/IscrC_SISTER/tripteshb/venv/lib/python3.11/site-packages/numpy/_core/_methods.py:142: RuntimeWarning: invalid value encountered in scalar divide
  ret = ret.dtype.type(ret / rcount)
INFO:root:epoch: 14:
INFO:root:Epoch mean loss: 0.4197415728947799
INFO:root:train acc: 0.9112341660802253, val acc: 0.8493443316412859, new node val acc: 0.8067331670822943
INFO:root:train auc: 0.9726228504825576, val auc: 0.9325246756909193, new node val auc: 0.901985314491549
INFO:root:train ap: 0.9726418081021918, val ap: 0.9398980180428524, new node val ap: 0.9129183282003663
INFO:root:start 15 epoch
/leonardo_work/IscrC_SISTER/tripteshb/venv/lib/python3.11/site-packages/numpy/_core/fromnumeric.py:3824: RuntimeWarning: Mean of empty slice
  return _methods._mean(a, axis=axis, dtype=dtype,
/leonardo_work/IscrC_SISTER/tripteshb/venv/lib/python3.11/site-packages/numpy/_core/_methods.py:142: RuntimeWarning: invalid value encountered in scalar divide
  ret = ret.dtype.type(ret / rcount)
/leonardo_work/IscrC_SISTER/tripteshb/venv/lib/python3.11/site-packages/numpy/_core/fromnumeric.py:3824: RuntimeWarning: Mean of empty slice
  return _methods._mean(a, axis=axis, dtype=dtype,
/leonardo_work/IscrC_SISTER/tripteshb/venv/lib/python3.11/site-packages/numpy/_core/_methods.py:142: RuntimeWarning: invalid value encountered in scalar divide
  ret = ret.dtype.type(ret / rcount)
INFO:root:epoch: 15:
INFO:root:Epoch mean loss: 0.40993357945251935
INFO:root:train acc: 0.9139197748064743, val acc: 0.8466793570219967, new node val acc: 0.808520365752286
INFO:root:train auc: 0.9739449947220268, val auc: 0.9340475183305131, new node val auc: 0.9060030479357162
INFO:root:train ap: 0.9740886867863982, val ap: 0.9407685632266141, new node val ap: 0.9142735826924175
INFO:root:start 16 epoch
/leonardo_work/IscrC_SISTER/tripteshb/venv/lib/python3.11/site-packages/numpy/_core/fromnumeric.py:3824: RuntimeWarning: Mean of empty slice
  return _methods._mean(a, axis=axis, dtype=dtype,
/leonardo_work/IscrC_SISTER/tripteshb/venv/lib/python3.11/site-packages/numpy/_core/_methods.py:142: RuntimeWarning: invalid value encountered in scalar divide
  ret = ret.dtype.type(ret / rcount)
/leonardo_work/IscrC_SISTER/tripteshb/venv/lib/python3.11/site-packages/numpy/_core/fromnumeric.py:3824: RuntimeWarning: Mean of empty slice
  return _methods._mean(a, axis=axis, dtype=dtype,
/leonardo_work/IscrC_SISTER/tripteshb/venv/lib/python3.11/site-packages/numpy/_core/_methods.py:142: RuntimeWarning: invalid value encountered in scalar divide
  ret = ret.dtype.type(ret / rcount)
INFO:root:epoch: 16:
INFO:root:Epoch mean loss: 0.4018186989969808
INFO:root:train acc: 0.9152929275158339, val acc: 0.8574661590524534, new node val acc: 0.822568578553616
INFO:root:train auc: 0.9747498768472906, val auc: 0.9354878736604626, new node val auc: 0.9072956497644776
INFO:root:train ap: 0.9748906598855079, val ap: 0.9420779308996444, new node val ap: 0.9162423216190909
INFO:root:start 17 epoch
/leonardo_work/IscrC_SISTER/tripteshb/venv/lib/python3.11/site-packages/numpy/_core/fromnumeric.py:3824: RuntimeWarning: Mean of empty slice
  return _methods._mean(a, axis=axis, dtype=dtype,
/leonardo_work/IscrC_SISTER/tripteshb/venv/lib/python3.11/site-packages/numpy/_core/_methods.py:142: RuntimeWarning: invalid value encountered in scalar divide
  ret = ret.dtype.type(ret / rcount)
/leonardo_work/IscrC_SISTER/tripteshb/venv/lib/python3.11/site-packages/numpy/_core/fromnumeric.py:3824: RuntimeWarning: Mean of empty slice
  return _methods._mean(a, axis=axis, dtype=dtype,
/leonardo_work/IscrC_SISTER/tripteshb/venv/lib/python3.11/site-packages/numpy/_core/_methods.py:142: RuntimeWarning: invalid value encountered in scalar divide
  ret = ret.dtype.type(ret / rcount)
INFO:root:epoch: 17:
INFO:root:Epoch mean loss: 0.3954492573594225
INFO:root:train acc: 0.917140218156228, val acc: 0.8635998307952623, new node val acc: 0.833624272651704
INFO:root:train auc: 0.9754985981954359, val auc: 0.937547236322617, new node val auc: 0.9115295095594347
INFO:root:train ap: 0.9753033212173099, val ap: 0.9447643215993626, new node val ap: 0.9211560762990652
INFO:root:start 18 epoch
/leonardo_work/IscrC_SISTER/tripteshb/venv/lib/python3.11/site-packages/numpy/_core/fromnumeric.py:3824: RuntimeWarning: Mean of empty slice
  return _methods._mean(a, axis=axis, dtype=dtype,
/leonardo_work/IscrC_SISTER/tripteshb/venv/lib/python3.11/site-packages/numpy/_core/_methods.py:142: RuntimeWarning: invalid value encountered in scalar divide
  ret = ret.dtype.type(ret / rcount)
/leonardo_work/IscrC_SISTER/tripteshb/venv/lib/python3.11/site-packages/numpy/_core/fromnumeric.py:3824: RuntimeWarning: Mean of empty slice
  return _methods._mean(a, axis=axis, dtype=dtype,
/leonardo_work/IscrC_SISTER/tripteshb/venv/lib/python3.11/site-packages/numpy/_core/_methods.py:142: RuntimeWarning: invalid value encountered in scalar divide
  ret = ret.dtype.type(ret / rcount)
INFO:root:epoch: 18:
INFO:root:Epoch mean loss: 0.3921197769163277
INFO:root:train acc: 0.91713406052076, val acc: 0.8570008460236888, new node val acc: 0.825935162094763
INFO:root:train auc: 0.9760024749924601, val auc: 0.9382473209249859, new node val auc: 0.9122984206151289
INFO:root:train ap: 0.9761192601722182, val ap: 0.9446395782712245, new node val ap: 0.920139154630637
INFO:root:start 19 epoch
/leonardo_work/IscrC_SISTER/tripteshb/venv/lib/python3.11/site-packages/numpy/_core/fromnumeric.py:3824: RuntimeWarning: Mean of empty slice
  return _methods._mean(a, axis=axis, dtype=dtype,
/leonardo_work/IscrC_SISTER/tripteshb/venv/lib/python3.11/site-packages/numpy/_core/_methods.py:142: RuntimeWarning: invalid value encountered in scalar divide
  ret = ret.dtype.type(ret / rcount)
/leonardo_work/IscrC_SISTER/tripteshb/venv/lib/python3.11/site-packages/numpy/_core/fromnumeric.py:3824: RuntimeWarning: Mean of empty slice
  return _methods._mean(a, axis=axis, dtype=dtype,
/leonardo_work/IscrC_SISTER/tripteshb/venv/lib/python3.11/site-packages/numpy/_core/_methods.py:142: RuntimeWarning: invalid value encountered in scalar divide
  ret = ret.dtype.type(ret / rcount)
INFO:root:epoch: 19:
INFO:root:Epoch mean loss: 0.384329083077426
INFO:root:train acc: 0.9191273750879664, val acc: 0.8545262267343485, new node val acc: 0.821571072319202
INFO:root:train auc: 0.9769749761234543, val auc: 0.9356859842075578, new node val auc: 0.9078248822388473
INFO:root:train ap: 0.9770557768193862, val ap: 0.9423348411115343, new node val ap: 0.9174536349843687
INFO:root:start 20 epoch
/leonardo_work/IscrC_SISTER/tripteshb/venv/lib/python3.11/site-packages/numpy/_core/fromnumeric.py:3824: RuntimeWarning: Mean of empty slice
  return _methods._mean(a, axis=axis, dtype=dtype,
/leonardo_work/IscrC_SISTER/tripteshb/venv/lib/python3.11/site-packages/numpy/_core/_methods.py:142: RuntimeWarning: invalid value encountered in scalar divide
  ret = ret.dtype.type(ret / rcount)
/leonardo_work/IscrC_SISTER/tripteshb/venv/lib/python3.11/site-packages/numpy/_core/fromnumeric.py:3824: RuntimeWarning: Mean of empty slice
  return _methods._mean(a, axis=axis, dtype=dtype,
/leonardo_work/IscrC_SISTER/tripteshb/venv/lib/python3.11/site-packages/numpy/_core/_methods.py:142: RuntimeWarning: invalid value encountered in scalar divide
  ret = ret.dtype.type(ret / rcount)
INFO:root:epoch: 20:
INFO:root:Epoch mean loss: 0.3774884378748574
INFO:root:train acc: 0.9205884940182969, val acc: 0.8622250423011845, new node val acc: 0.8266001662510392
INFO:root:train auc: 0.9776595663265307, val auc: 0.9386992385786801, new node val auc: 0.9112496536436686
INFO:root:train ap: 0.9776754463317803, val ap: 0.9452985926328626, new node val ap: 0.920824572685388
INFO:root:No improvment over 3 epochs, stop training
INFO:root:Loading the best model at epoch 18
/leonardo_work/IscrC_SISTER/tripteshb/SL-neural-network-for-temporal-graph/models/gat.py:257: FutureWarning: You are using `torch.load` with `weights_only=False` (the current default value), which uses the default pickle module implicitly. It is possible to construct malicious pickle data which will execute arbitrary code during unpickling (See https://github.com/pytorch/pytorch/blob/main/SECURITY.md#untrusted-models for more details). In a future release, the default value for `weights_only` will be flipped to `True`. This limits the functions that could be executed during unpickling. Arbitrary objects will no longer be allowed to be loaded via this mode unless they are explicitly allowlisted by the user via `torch.serialization.add_safe_globals`. We recommend you start setting `weights_only=True` for any use case where you don't have full control of the loaded file. Please open an issue on GitHub for any issues related to this experimental feature.
  model.load_state_dict(torch.load(best_model_path))
INFO:root:Loaded the best model at epoch 18 for inference
/leonardo_work/IscrC_SISTER/tripteshb/venv/lib/python3.11/site-packages/numpy/_core/fromnumeric.py:3824: RuntimeWarning: Mean of empty slice
  return _methods._mean(a, axis=axis, dtype=dtype,
/leonardo_work/IscrC_SISTER/tripteshb/venv/lib/python3.11/site-packages/numpy/_core/_methods.py:142: RuntimeWarning: invalid value encountered in scalar divide
  ret = ret.dtype.type(ret / rcount)
/leonardo_work/IscrC_SISTER/tripteshb/venv/lib/python3.11/site-packages/numpy/_core/fromnumeric.py:3824: RuntimeWarning: Mean of empty slice
  return _methods._mean(a, axis=axis, dtype=dtype,
/leonardo_work/IscrC_SISTER/tripteshb/venv/lib/python3.11/site-packages/numpy/_core/_methods.py:142: RuntimeWarning: invalid value encountered in scalar divide
  ret = ret.dtype.type(ret / rcount)
INFO:root:Test statistics: Old nodes -- acc: 0.8392343485617596, auc: 0.9214706711787929, ap: 0.9304078581587444
INFO:root:Test statistics: New nodes -- acc: 0.7831689197418098, auc: 0.872492504248076, ap: 0.8873043568328096
INFO:root:Saving GAT model
INFO:root:GAT model saved
