INFO:root:Namespace(data='wikipedia', bs=200, prefix='', n_degree=20, n_head=2, n_epoch=100, n_layer=2, lr=0.0001, drop_out=0.1, gpu=0, uniform=False, time_dim=100, channel_embedding_dim=50, patch_size=1, gamma=0.5, max_input_sequence_length=32, max_interaction_times=5, patience=20, sl_dt=0.5, sl_p=2, sl_tol=1e-05, zeta_real=0.04, zeta_imag=0.5, nu_real=1.0, nu_imag=0.0, leaky_relu_slope=0.1, use_hid_enc=1, hid_coef=0.2, input_dt=0)
INFO:root:num of training instances: 79202
INFO:root:num of batches per epoch: 397
INFO:root:start 0 epoch
/leonardo_work/IscrC_SISTER/tripteshb/venv/lib/python3.11/site-packages/numpy/_core/fromnumeric.py:3824: RuntimeWarning: Mean of empty slice
  return _methods._mean(a, axis=axis, dtype=dtype,
/leonardo_work/IscrC_SISTER/tripteshb/venv/lib/python3.11/site-packages/numpy/_core/_methods.py:142: RuntimeWarning: invalid value encountered in scalar divide
  ret = ret.dtype.type(ret / rcount)
/leonardo_work/IscrC_SISTER/tripteshb/venv/lib/python3.11/site-packages/numpy/_core/fromnumeric.py:3824: RuntimeWarning: Mean of empty slice
  return _methods._mean(a, axis=axis, dtype=dtype,
/leonardo_work/IscrC_SISTER/tripteshb/venv/lib/python3.11/site-packages/numpy/_core/_methods.py:142: RuntimeWarning: invalid value encountered in scalar divide
  ret = ret.dtype.type(ret / rcount)
INFO:root:epoch: 0
INFO:root:Epoch mean loss: 0.19368425956094446
INFO:root:train acc: 0.9281297229219143, val acc: 0.9544527811124447, new node val acc: 0.9426659107185487
INFO:root:train auc: 0.9775962531486145, val auc: 0.9904131302521008, new node val auc: 0.9869545441784151
INFO:root:train ap: 0.9808459898765279, val ap: 0.9912072110383298, new node val ap: 0.9879114889099762
INFO:root:start 1 epoch
/leonardo_work/IscrC_SISTER/tripteshb/venv/lib/python3.11/site-packages/numpy/_core/fromnumeric.py:3824: RuntimeWarning: Mean of empty slice
  return _methods._mean(a, axis=axis, dtype=dtype,
/leonardo_work/IscrC_SISTER/tripteshb/venv/lib/python3.11/site-packages/numpy/_core/_methods.py:142: RuntimeWarning: invalid value encountered in scalar divide
  ret = ret.dtype.type(ret / rcount)
/leonardo_work/IscrC_SISTER/tripteshb/venv/lib/python3.11/site-packages/numpy/_core/fromnumeric.py:3824: RuntimeWarning: Mean of empty slice
  return _methods._mean(a, axis=axis, dtype=dtype,
/leonardo_work/IscrC_SISTER/tripteshb/venv/lib/python3.11/site-packages/numpy/_core/_methods.py:142: RuntimeWarning: invalid value encountered in scalar divide
  ret = ret.dtype.type(ret / rcount)
INFO:root:epoch: 1
INFO:root:Epoch mean loss: 0.12473186865796144
INFO:root:train acc: 0.9477141057934507, val acc: 0.9561124449779912, new node val acc: 0.945487586536166
INFO:root:train auc: 0.9889166246851386, val auc: 0.9913726464395284, new node val auc: 0.9884244663252851
INFO:root:train ap: 0.989652069568136, val ap: 0.9920107574446845, new node val ap: 0.9890260741351538
INFO:root:start 2 epoch
/leonardo_work/IscrC_SISTER/tripteshb/venv/lib/python3.11/site-packages/numpy/_core/fromnumeric.py:3824: RuntimeWarning: Mean of empty slice
  return _methods._mean(a, axis=axis, dtype=dtype,
/leonardo_work/IscrC_SISTER/tripteshb/venv/lib/python3.11/site-packages/numpy/_core/_methods.py:142: RuntimeWarning: invalid value encountered in scalar divide
  ret = ret.dtype.type(ret / rcount)
/leonardo_work/IscrC_SISTER/tripteshb/venv/lib/python3.11/site-packages/numpy/_core/fromnumeric.py:3824: RuntimeWarning: Mean of empty slice
  return _methods._mean(a, axis=axis, dtype=dtype,
/leonardo_work/IscrC_SISTER/tripteshb/venv/lib/python3.11/site-packages/numpy/_core/_methods.py:142: RuntimeWarning: invalid value encountered in scalar divide
  ret = ret.dtype.type(ret / rcount)
INFO:root:epoch: 2
INFO:root:Epoch mean loss: 0.13744946064718386
INFO:root:train acc: 0.9452204030226701, val acc: 0.9550200080032014, new node val acc: 0.943029959417522
INFO:root:train auc: 0.9873440491183878, val auc: 0.9912970785933419, new node val auc: 0.9876151580766529
INFO:root:train ap: 0.9885200683242827, val ap: 0.9919005454514384, new node val ap: 0.9883283627308104
INFO:root:start 3 epoch
/leonardo_work/IscrC_SISTER/tripteshb/venv/lib/python3.11/site-packages/numpy/_core/fromnumeric.py:3824: RuntimeWarning: Mean of empty slice
  return _methods._mean(a, axis=axis, dtype=dtype,
/leonardo_work/IscrC_SISTER/tripteshb/venv/lib/python3.11/site-packages/numpy/_core/_methods.py:142: RuntimeWarning: invalid value encountered in scalar divide
  ret = ret.dtype.type(ret / rcount)
/leonardo_work/IscrC_SISTER/tripteshb/venv/lib/python3.11/site-packages/numpy/_core/fromnumeric.py:3824: RuntimeWarning: Mean of empty slice
  return _methods._mean(a, axis=axis, dtype=dtype,
/leonardo_work/IscrC_SISTER/tripteshb/venv/lib/python3.11/site-packages/numpy/_core/_methods.py:142: RuntimeWarning: invalid value encountered in scalar divide
  ret = ret.dtype.type(ret / rcount)
INFO:root:epoch: 3
INFO:root:Epoch mean loss: 0.1183599094169388
INFO:root:train acc: 0.9501133501259446, val acc: 0.9576040416166466, new node val acc: 0.9477757221293865
INFO:root:train auc: 0.9899219773299747, val auc: 0.9920211758512931, new node val auc: 0.989216846099274
INFO:root:train ap: 0.9905371637429908, val ap: 0.9924211109743211, new node val ap: 0.9895883362917136
INFO:root:start 4 epoch
/leonardo_work/IscrC_SISTER/tripteshb/venv/lib/python3.11/site-packages/numpy/_core/fromnumeric.py:3824: RuntimeWarning: Mean of empty slice
  return _methods._mean(a, axis=axis, dtype=dtype,
/leonardo_work/IscrC_SISTER/tripteshb/venv/lib/python3.11/site-packages/numpy/_core/_methods.py:142: RuntimeWarning: invalid value encountered in scalar divide
  ret = ret.dtype.type(ret / rcount)
/leonardo_work/IscrC_SISTER/tripteshb/venv/lib/python3.11/site-packages/numpy/_core/fromnumeric.py:3824: RuntimeWarning: Mean of empty slice
  return _methods._mean(a, axis=axis, dtype=dtype,
/leonardo_work/IscrC_SISTER/tripteshb/venv/lib/python3.11/site-packages/numpy/_core/_methods.py:142: RuntimeWarning: invalid value encountered in scalar divide
  ret = ret.dtype.type(ret / rcount)
INFO:root:epoch: 4
INFO:root:Epoch mean loss: 0.11696103972943514
INFO:root:train acc: 0.9512342569269521, val acc: 0.9576780712284915, new node val acc: 0.947504177608021
INFO:root:train auc: 0.9902317380352645, val auc: 0.9922469537815126, new node val auc: 0.9895240770596363
INFO:root:train ap: 0.990538434430533, val ap: 0.9926614834392461, new node val ap: 0.9900047607129021
INFO:root:start 5 epoch
/leonardo_work/IscrC_SISTER/tripteshb/venv/lib/python3.11/site-packages/numpy/_core/fromnumeric.py:3824: RuntimeWarning: Mean of empty slice
  return _methods._mean(a, axis=axis, dtype=dtype,
/leonardo_work/IscrC_SISTER/tripteshb/venv/lib/python3.11/site-packages/numpy/_core/_methods.py:142: RuntimeWarning: invalid value encountered in scalar divide
  ret = ret.dtype.type(ret / rcount)
/leonardo_work/IscrC_SISTER/tripteshb/venv/lib/python3.11/site-packages/numpy/_core/fromnumeric.py:3824: RuntimeWarning: Mean of empty slice
  return _methods._mean(a, axis=axis, dtype=dtype,
/leonardo_work/IscrC_SISTER/tripteshb/venv/lib/python3.11/site-packages/numpy/_core/_methods.py:142: RuntimeWarning: invalid value encountered in scalar divide
  ret = ret.dtype.type(ret / rcount)
INFO:root:epoch: 5
INFO:root:Epoch mean loss: 0.11825700933981677
INFO:root:train acc: 0.950478589420655, val acc: 0.9551980792316928, new node val acc: 0.9430108617808546
INFO:root:train auc: 0.9899033375314862, val auc: 0.9911540113664513, new node val auc: 0.9876119681324999
INFO:root:train ap: 0.990363028652247, val ap: 0.9917359820000508, new node val ap: 0.9882262688006931
INFO:root:start 6 epoch
/leonardo_work/IscrC_SISTER/tripteshb/venv/lib/python3.11/site-packages/numpy/_core/fromnumeric.py:3824: RuntimeWarning: Mean of empty slice
  return _methods._mean(a, axis=axis, dtype=dtype,
/leonardo_work/IscrC_SISTER/tripteshb/venv/lib/python3.11/site-packages/numpy/_core/_methods.py:142: RuntimeWarning: invalid value encountered in scalar divide
  ret = ret.dtype.type(ret / rcount)
/leonardo_work/IscrC_SISTER/tripteshb/venv/lib/python3.11/site-packages/numpy/_core/fromnumeric.py:3824: RuntimeWarning: Mean of empty slice
  return _methods._mean(a, axis=axis, dtype=dtype,
/leonardo_work/IscrC_SISTER/tripteshb/venv/lib/python3.11/site-packages/numpy/_core/_methods.py:142: RuntimeWarning: invalid value encountered in scalar divide
  ret = ret.dtype.type(ret / rcount)
INFO:root:epoch: 6
INFO:root:Epoch mean loss: 0.11873253179691798
INFO:root:train acc: 0.9499307304785893, val acc: 0.9549779911964785, new node val acc: 0.9440122941036048
INFO:root:train auc: 0.9898195843828717, val auc: 0.9916539489605365, new node val auc: 0.9886245283589817
INFO:root:train ap: 0.990421782186911, val ap: 0.9921799686814774, new node val ap: 0.9890273408156472
INFO:root:start 7 epoch
/leonardo_work/IscrC_SISTER/tripteshb/venv/lib/python3.11/site-packages/numpy/_core/fromnumeric.py:3824: RuntimeWarning: Mean of empty slice
  return _methods._mean(a, axis=axis, dtype=dtype,
/leonardo_work/IscrC_SISTER/tripteshb/venv/lib/python3.11/site-packages/numpy/_core/_methods.py:142: RuntimeWarning: invalid value encountered in scalar divide
  ret = ret.dtype.type(ret / rcount)
/leonardo_work/IscrC_SISTER/tripteshb/venv/lib/python3.11/site-packages/numpy/_core/fromnumeric.py:3824: RuntimeWarning: Mean of empty slice
  return _methods._mean(a, axis=axis, dtype=dtype,
/leonardo_work/IscrC_SISTER/tripteshb/venv/lib/python3.11/site-packages/numpy/_core/_methods.py:142: RuntimeWarning: invalid value encountered in scalar divide
  ret = ret.dtype.type(ret / rcount)
INFO:root:epoch: 7
INFO:root:Epoch mean loss: 0.11636242732494807
INFO:root:train acc: 0.9511083123425693, val acc: 0.9549879951980794, new node val acc: 0.9448675101456195
INFO:root:train auc: 0.9902803211586901, val auc: 0.9918000197698126, new node val auc: 0.9887299747998615
INFO:root:train ap: 0.9907868508380057, val ap: 0.9923233179813425, new node val ap: 0.9889799657108865
INFO:root:start 8 epoch
/leonardo_work/IscrC_SISTER/tripteshb/venv/lib/python3.11/site-packages/numpy/_core/fromnumeric.py:3824: RuntimeWarning: Mean of empty slice
  return _methods._mean(a, axis=axis, dtype=dtype,
/leonardo_work/IscrC_SISTER/tripteshb/venv/lib/python3.11/site-packages/numpy/_core/_methods.py:142: RuntimeWarning: invalid value encountered in scalar divide
  ret = ret.dtype.type(ret / rcount)
/leonardo_work/IscrC_SISTER/tripteshb/venv/lib/python3.11/site-packages/numpy/_core/fromnumeric.py:3824: RuntimeWarning: Mean of empty slice
  return _methods._mean(a, axis=axis, dtype=dtype,
/leonardo_work/IscrC_SISTER/tripteshb/venv/lib/python3.11/site-packages/numpy/_core/_methods.py:142: RuntimeWarning: invalid value encountered in scalar divide
  ret = ret.dtype.type(ret / rcount)
INFO:root:epoch: 8
INFO:root:Epoch mean loss: 0.11622942633802535
INFO:root:train acc: 0.9507808564231738, val acc: 0.9567426970788315, new node val acc: 0.9459441394127478
INFO:root:train auc: 0.9902745277078085, val auc: 0.9921080455991921, new node val auc: 0.9890982502799082
INFO:root:train ap: 0.9905853251753953, val ap: 0.992526929116394, new node val ap: 0.989362105616855
INFO:root:start 9 epoch
/leonardo_work/IscrC_SISTER/tripteshb/venv/lib/python3.11/site-packages/numpy/_core/fromnumeric.py:3824: RuntimeWarning: Mean of empty slice
  return _methods._mean(a, axis=axis, dtype=dtype,
/leonardo_work/IscrC_SISTER/tripteshb/venv/lib/python3.11/site-packages/numpy/_core/_methods.py:142: RuntimeWarning: invalid value encountered in scalar divide
  ret = ret.dtype.type(ret / rcount)
/leonardo_work/IscrC_SISTER/tripteshb/venv/lib/python3.11/site-packages/numpy/_core/fromnumeric.py:3824: RuntimeWarning: Mean of empty slice
  return _methods._mean(a, axis=axis, dtype=dtype,
/leonardo_work/IscrC_SISTER/tripteshb/venv/lib/python3.11/site-packages/numpy/_core/_methods.py:142: RuntimeWarning: invalid value encountered in scalar divide
  ret = ret.dtype.type(ret / rcount)
INFO:root:epoch: 9
INFO:root:Epoch mean loss: 0.11308413034220524
INFO:root:train acc: 0.9523362720403022, val acc: 0.9576670668267308, new node val acc: 0.9463947242778707
INFO:root:train auc: 0.9908145151133502, val auc: 0.9923451254311247, new node val auc: 0.9895040584159048
INFO:root:train ap: 0.9911730755555896, val ap: 0.9926728594883908, new node val ap: 0.9897022432261854
INFO:root:start 10 epoch
/leonardo_work/IscrC_SISTER/tripteshb/venv/lib/python3.11/site-packages/numpy/_core/fromnumeric.py:3824: RuntimeWarning: Mean of empty slice
  return _methods._mean(a, axis=axis, dtype=dtype,
/leonardo_work/IscrC_SISTER/tripteshb/venv/lib/python3.11/site-packages/numpy/_core/_methods.py:142: RuntimeWarning: invalid value encountered in scalar divide
  ret = ret.dtype.type(ret / rcount)
/leonardo_work/IscrC_SISTER/tripteshb/venv/lib/python3.11/site-packages/numpy/_core/fromnumeric.py:3824: RuntimeWarning: Mean of empty slice
  return _methods._mean(a, axis=axis, dtype=dtype,
/leonardo_work/IscrC_SISTER/tripteshb/venv/lib/python3.11/site-packages/numpy/_core/_methods.py:142: RuntimeWarning: invalid value encountered in scalar divide
  ret = ret.dtype.type(ret / rcount)
INFO:root:epoch: 10
INFO:root:Epoch mean loss: 0.11281661779921201
INFO:root:train acc: 0.9519710327455919, val acc: 0.9577511004401761, new node val acc: 0.9458689424683694
INFO:root:train auc: 0.9909073047858942, val auc: 0.992134683635359, new node val auc: 0.9891731951388446
INFO:root:train ap: 0.9913991178384939, val ap: 0.9925724304804336, new node val ap: 0.9895262968396916
INFO:root:start 11 epoch
/leonardo_work/IscrC_SISTER/tripteshb/venv/lib/python3.11/site-packages/numpy/_core/fromnumeric.py:3824: RuntimeWarning: Mean of empty slice
  return _methods._mean(a, axis=axis, dtype=dtype,
/leonardo_work/IscrC_SISTER/tripteshb/venv/lib/python3.11/site-packages/numpy/_core/_methods.py:142: RuntimeWarning: invalid value encountered in scalar divide
  ret = ret.dtype.type(ret / rcount)
/leonardo_work/IscrC_SISTER/tripteshb/venv/lib/python3.11/site-packages/numpy/_core/fromnumeric.py:3824: RuntimeWarning: Mean of empty slice
  return _methods._mean(a, axis=axis, dtype=dtype,
/leonardo_work/IscrC_SISTER/tripteshb/venv/lib/python3.11/site-packages/numpy/_core/_methods.py:142: RuntimeWarning: invalid value encountered in scalar divide
  ret = ret.dtype.type(ret / rcount)
INFO:root:epoch: 11
INFO:root:Epoch mean loss: 0.11131206390293086
INFO:root:train acc: 0.9526952141057934, val acc: 0.9606922769107642, new node val acc: 0.9461983767008831
INFO:root:train auc: 0.9910747166246852, val auc: 0.992834201061377, new node val auc: 0.9897616993198147
INFO:root:train ap: 0.9914519897224524, val ap: 0.9931677210507626, new node val ap: 0.9903056720911818
INFO:root:start 12 epoch
/leonardo_work/IscrC_SISTER/tripteshb/venv/lib/python3.11/site-packages/numpy/_core/fromnumeric.py:3824: RuntimeWarning: Mean of empty slice
  return _methods._mean(a, axis=axis, dtype=dtype,
/leonardo_work/IscrC_SISTER/tripteshb/venv/lib/python3.11/site-packages/numpy/_core/_methods.py:142: RuntimeWarning: invalid value encountered in scalar divide
  ret = ret.dtype.type(ret / rcount)
/leonardo_work/IscrC_SISTER/tripteshb/venv/lib/python3.11/site-packages/numpy/_core/fromnumeric.py:3824: RuntimeWarning: Mean of empty slice
  return _methods._mean(a, axis=axis, dtype=dtype,
/leonardo_work/IscrC_SISTER/tripteshb/venv/lib/python3.11/site-packages/numpy/_core/_methods.py:142: RuntimeWarning: invalid value encountered in scalar divide
  ret = ret.dtype.type(ret / rcount)
INFO:root:epoch: 12
INFO:root:Epoch mean loss: 0.11243699435015639
INFO:root:train acc: 0.9524307304785894, val acc: 0.9598309323729491, new node val acc: 0.9479529720697062
INFO:root:train auc: 0.9908575251889168, val auc: 0.9925886128260828, new node val auc: 0.9897302555905978
INFO:root:train ap: 0.9909178755046464, val ap: 0.992914636072647, new node val ap: 0.9901810593520208
INFO:root:start 13 epoch
/leonardo_work/IscrC_SISTER/tripteshb/venv/lib/python3.11/site-packages/numpy/_core/fromnumeric.py:3824: RuntimeWarning: Mean of empty slice
  return _methods._mean(a, axis=axis, dtype=dtype,
/leonardo_work/IscrC_SISTER/tripteshb/venv/lib/python3.11/site-packages/numpy/_core/_methods.py:142: RuntimeWarning: invalid value encountered in scalar divide
  ret = ret.dtype.type(ret / rcount)
/leonardo_work/IscrC_SISTER/tripteshb/venv/lib/python3.11/site-packages/numpy/_core/fromnumeric.py:3824: RuntimeWarning: Mean of empty slice
  return _methods._mean(a, axis=axis, dtype=dtype,
/leonardo_work/IscrC_SISTER/tripteshb/venv/lib/python3.11/site-packages/numpy/_core/_methods.py:142: RuntimeWarning: invalid value encountered in scalar divide
  ret = ret.dtype.type(ret / rcount)
INFO:root:epoch: 13
INFO:root:Epoch mean loss: 0.11118105673571341
INFO:root:train acc: 0.953463476070529, val acc: 0.9598939575830332, new node val acc: 0.9478604678920984
INFO:root:train auc: 0.9910489294710327, val auc: 0.9924945575849388, new node val auc: 0.9896719859861004
INFO:root:train ap: 0.9911815764787769, val ap: 0.9928167996158891, new node val ap: 0.9903749969038179
INFO:root:start 14 epoch
/leonardo_work/IscrC_SISTER/tripteshb/venv/lib/python3.11/site-packages/numpy/_core/fromnumeric.py:3824: RuntimeWarning: Mean of empty slice
  return _methods._mean(a, axis=axis, dtype=dtype,
/leonardo_work/IscrC_SISTER/tripteshb/venv/lib/python3.11/site-packages/numpy/_core/_methods.py:142: RuntimeWarning: invalid value encountered in scalar divide
  ret = ret.dtype.type(ret / rcount)
/leonardo_work/IscrC_SISTER/tripteshb/venv/lib/python3.11/site-packages/numpy/_core/fromnumeric.py:3824: RuntimeWarning: Mean of empty slice
  return _methods._mean(a, axis=axis, dtype=dtype,
/leonardo_work/IscrC_SISTER/tripteshb/venv/lib/python3.11/site-packages/numpy/_core/_methods.py:142: RuntimeWarning: invalid value encountered in scalar divide
  ret = ret.dtype.type(ret / rcount)
INFO:root:epoch: 14
INFO:root:Epoch mean loss: 0.11225021046044431
INFO:root:train acc: 0.9528211586901765, val acc: 0.9583393357342938, new node val acc: 0.9469879446168538
INFO:root:train auc: 0.9909467254408062, val auc: 0.9925250624059146, new node val auc: 0.9895820520881314
INFO:root:train ap: 0.9912533418342415, val ap: 0.9927427486816185, new node val ap: 0.990220920086344
INFO:root:start 15 epoch
/leonardo_work/IscrC_SISTER/tripteshb/venv/lib/python3.11/site-packages/numpy/_core/fromnumeric.py:3824: RuntimeWarning: Mean of empty slice
  return _methods._mean(a, axis=axis, dtype=dtype,
/leonardo_work/IscrC_SISTER/tripteshb/venv/lib/python3.11/site-packages/numpy/_core/_methods.py:142: RuntimeWarning: invalid value encountered in scalar divide
  ret = ret.dtype.type(ret / rcount)
/leonardo_work/IscrC_SISTER/tripteshb/venv/lib/python3.11/site-packages/numpy/_core/fromnumeric.py:3824: RuntimeWarning: Mean of empty slice
  return _methods._mean(a, axis=axis, dtype=dtype,
/leonardo_work/IscrC_SISTER/tripteshb/venv/lib/python3.11/site-packages/numpy/_core/_methods.py:142: RuntimeWarning: invalid value encountered in scalar divide
  ret = ret.dtype.type(ret / rcount)
INFO:root:epoch: 15
INFO:root:Epoch mean loss: 0.11069874542821621
INFO:root:train acc: 0.9530352644836273, val acc: 0.9602931172468987, new node val acc: 0.9475811649558367
INFO:root:train auc: 0.9911817065491183, val auc: 0.9927433397168391, new node val auc: 0.9897865890376877
INFO:root:train ap: 0.9914755920397614, val ap: 0.993130294895375, new node val ap: 0.9903179246292567
INFO:root:start 16 epoch
/leonardo_work/IscrC_SISTER/tripteshb/venv/lib/python3.11/site-packages/numpy/_core/fromnumeric.py:3824: RuntimeWarning: Mean of empty slice
  return _methods._mean(a, axis=axis, dtype=dtype,
/leonardo_work/IscrC_SISTER/tripteshb/venv/lib/python3.11/site-packages/numpy/_core/_methods.py:142: RuntimeWarning: invalid value encountered in scalar divide
  ret = ret.dtype.type(ret / rcount)
/leonardo_work/IscrC_SISTER/tripteshb/venv/lib/python3.11/site-packages/numpy/_core/fromnumeric.py:3824: RuntimeWarning: Mean of empty slice
  return _methods._mean(a, axis=axis, dtype=dtype,
/leonardo_work/IscrC_SISTER/tripteshb/venv/lib/python3.11/site-packages/numpy/_core/_methods.py:142: RuntimeWarning: invalid value encountered in scalar divide
  ret = ret.dtype.type(ret / rcount)
INFO:root:epoch: 16
INFO:root:Epoch mean loss: 0.10947533746622971
INFO:root:train acc: 0.9536209068010076, val acc: 0.9576040416166466, new node val acc: 0.9451139890188589
INFO:root:train auc: 0.9913860201511334, val auc: 0.9920492844756951, new node val auc: 0.9889171268900103
INFO:root:train ap: 0.9916357813881272, val ap: 0.9924785694734992, new node val ap: 0.9894608516171185
INFO:root:start 17 epoch
/leonardo_work/IscrC_SISTER/tripteshb/venv/lib/python3.11/site-packages/numpy/_core/fromnumeric.py:3824: RuntimeWarning: Mean of empty slice
  return _methods._mean(a, axis=axis, dtype=dtype,
/leonardo_work/IscrC_SISTER/tripteshb/venv/lib/python3.11/site-packages/numpy/_core/_methods.py:142: RuntimeWarning: invalid value encountered in scalar divide
  ret = ret.dtype.type(ret / rcount)
/leonardo_work/IscrC_SISTER/tripteshb/venv/lib/python3.11/site-packages/numpy/_core/fromnumeric.py:3824: RuntimeWarning: Mean of empty slice
  return _methods._mean(a, axis=axis, dtype=dtype,
/leonardo_work/IscrC_SISTER/tripteshb/venv/lib/python3.11/site-packages/numpy/_core/_methods.py:142: RuntimeWarning: invalid value encountered in scalar divide
  ret = ret.dtype.type(ret / rcount)
INFO:root:epoch: 17
INFO:root:Epoch mean loss: 0.11014587230867794
INFO:root:train acc: 0.953293450881612, val acc: 0.9590536214485794, new node val acc: 0.9457919551205539
INFO:root:train auc: 0.9912014168765743, val auc: 0.9924991170277635, new node val auc: 0.9894591569469335
INFO:root:train ap: 0.991420632580762, val ap: 0.9927919296165405, new node val ap: 0.9899201909979354
INFO:root:start 18 epoch
/leonardo_work/IscrC_SISTER/tripteshb/venv/lib/python3.11/site-packages/numpy/_core/fromnumeric.py:3824: RuntimeWarning: Mean of empty slice
  return _methods._mean(a, axis=axis, dtype=dtype,
/leonardo_work/IscrC_SISTER/tripteshb/venv/lib/python3.11/site-packages/numpy/_core/_methods.py:142: RuntimeWarning: invalid value encountered in scalar divide
  ret = ret.dtype.type(ret / rcount)
/leonardo_work/IscrC_SISTER/tripteshb/venv/lib/python3.11/site-packages/numpy/_core/fromnumeric.py:3824: RuntimeWarning: Mean of empty slice
  return _methods._mean(a, axis=axis, dtype=dtype,
/leonardo_work/IscrC_SISTER/tripteshb/venv/lib/python3.11/site-packages/numpy/_core/_methods.py:142: RuntimeWarning: invalid value encountered in scalar divide
  ret = ret.dtype.type(ret / rcount)
INFO:root:epoch: 18
INFO:root:Epoch mean loss: 0.11583221932727684
INFO:root:train acc: 0.951845088161209, val acc: 0.9571208483393358, new node val acc: 0.9442665313917403
INFO:root:train auc: 0.9905471032745592, val auc: 0.9919463859353266, new node val auc: 0.9884831132173802
INFO:root:train ap: 0.9909316386895631, val ap: 0.9925272039680476, new node val ap: 0.9889110651125298
INFO:root:start 19 epoch
/leonardo_work/IscrC_SISTER/tripteshb/venv/lib/python3.11/site-packages/numpy/_core/fromnumeric.py:3824: RuntimeWarning: Mean of empty slice
  return _methods._mean(a, axis=axis, dtype=dtype,
/leonardo_work/IscrC_SISTER/tripteshb/venv/lib/python3.11/site-packages/numpy/_core/_methods.py:142: RuntimeWarning: invalid value encountered in scalar divide
  ret = ret.dtype.type(ret / rcount)
/leonardo_work/IscrC_SISTER/tripteshb/venv/lib/python3.11/site-packages/numpy/_core/fromnumeric.py:3824: RuntimeWarning: Mean of empty slice
  return _methods._mean(a, axis=axis, dtype=dtype,
/leonardo_work/IscrC_SISTER/tripteshb/venv/lib/python3.11/site-packages/numpy/_core/_methods.py:142: RuntimeWarning: invalid value encountered in scalar divide
  ret = ret.dtype.type(ret / rcount)
INFO:root:epoch: 19
INFO:root:Epoch mean loss: 0.1123487980149555
INFO:root:train acc: 0.9526133501259446, val acc: 0.9582553021208484, new node val acc: 0.945664836476486
INFO:root:train auc: 0.9908897984886651, val auc: 0.9922288012824179, new node val auc: 0.9891801057598877
INFO:root:train ap: 0.9911817075853512, val ap: 0.9926302184247915, new node val ap: 0.9898763397113944
INFO:root:start 20 epoch
/leonardo_work/IscrC_SISTER/tripteshb/venv/lib/python3.11/site-packages/numpy/_core/fromnumeric.py:3824: RuntimeWarning: Mean of empty slice
  return _methods._mean(a, axis=axis, dtype=dtype,
/leonardo_work/IscrC_SISTER/tripteshb/venv/lib/python3.11/site-packages/numpy/_core/_methods.py:142: RuntimeWarning: invalid value encountered in scalar divide
  ret = ret.dtype.type(ret / rcount)
/leonardo_work/IscrC_SISTER/tripteshb/venv/lib/python3.11/site-packages/numpy/_core/fromnumeric.py:3824: RuntimeWarning: Mean of empty slice
  return _methods._mean(a, axis=axis, dtype=dtype,
/leonardo_work/IscrC_SISTER/tripteshb/venv/lib/python3.11/site-packages/numpy/_core/_methods.py:142: RuntimeWarning: invalid value encountered in scalar divide
  ret = ret.dtype.type(ret / rcount)
INFO:root:epoch: 20
INFO:root:Epoch mean loss: 0.10889440258878098
INFO:root:train acc: 0.9542569269521411, val acc: 0.9605032012805123, new node val acc: 0.9466990928622582
INFO:root:train auc: 0.9914568639798489, val auc: 0.9928835708092761, new node val auc: 0.9898376708448352
INFO:root:train ap: 0.9917796044989452, val ap: 0.993210349682232, new node val ap: 0.9902277390478779
INFO:root:start 21 epoch
/leonardo_work/IscrC_SISTER/tripteshb/venv/lib/python3.11/site-packages/numpy/_core/fromnumeric.py:3824: RuntimeWarning: Mean of empty slice
  return _methods._mean(a, axis=axis, dtype=dtype,
/leonardo_work/IscrC_SISTER/tripteshb/venv/lib/python3.11/site-packages/numpy/_core/_methods.py:142: RuntimeWarning: invalid value encountered in scalar divide
  ret = ret.dtype.type(ret / rcount)
/leonardo_work/IscrC_SISTER/tripteshb/venv/lib/python3.11/site-packages/numpy/_core/fromnumeric.py:3824: RuntimeWarning: Mean of empty slice
  return _methods._mean(a, axis=axis, dtype=dtype,
/leonardo_work/IscrC_SISTER/tripteshb/venv/lib/python3.11/site-packages/numpy/_core/_methods.py:142: RuntimeWarning: invalid value encountered in scalar divide
  ret = ret.dtype.type(ret / rcount)
INFO:root:epoch: 21
INFO:root:Epoch mean loss: 0.10874261962829312
INFO:root:train acc: 0.9534319899244332, val acc: 0.9597468987595036, new node val acc: 0.9468858916209117
INFO:root:train auc: 0.991529219143577, val auc: 0.9928837808933098, new node val auc: 0.9897480866639321
INFO:root:train ap: 0.9917857120045311, val ap: 0.9931748020290405, new node val ap: 0.9902881292679168
INFO:root:start 22 epoch
/leonardo_work/IscrC_SISTER/tripteshb/venv/lib/python3.11/site-packages/numpy/_core/fromnumeric.py:3824: RuntimeWarning: Mean of empty slice
  return _methods._mean(a, axis=axis, dtype=dtype,
/leonardo_work/IscrC_SISTER/tripteshb/venv/lib/python3.11/site-packages/numpy/_core/_methods.py:142: RuntimeWarning: invalid value encountered in scalar divide
  ret = ret.dtype.type(ret / rcount)
/leonardo_work/IscrC_SISTER/tripteshb/venv/lib/python3.11/site-packages/numpy/_core/fromnumeric.py:3824: RuntimeWarning: Mean of empty slice
  return _methods._mean(a, axis=axis, dtype=dtype,
/leonardo_work/IscrC_SISTER/tripteshb/venv/lib/python3.11/site-packages/numpy/_core/_methods.py:142: RuntimeWarning: invalid value encountered in scalar divide
  ret = ret.dtype.type(ret / rcount)
INFO:root:epoch: 22
INFO:root:Epoch mean loss: 0.10989934845032259
INFO:root:train acc: 0.9536649874055415, val acc: 0.957530012004802, new node val acc: 0.9449021246120792
INFO:root:train auc: 0.991314829974811, val auc: 0.9921983390975441, new node val auc: 0.9889594050817198
INFO:root:train ap: 0.9912296065951087, val ap: 0.9925888877765043, new node val ap: 0.9894911605276514
INFO:root:start 23 epoch
/leonardo_work/IscrC_SISTER/tripteshb/venv/lib/python3.11/site-packages/numpy/_core/fromnumeric.py:3824: RuntimeWarning: Mean of empty slice
  return _methods._mean(a, axis=axis, dtype=dtype,
/leonardo_work/IscrC_SISTER/tripteshb/venv/lib/python3.11/site-packages/numpy/_core/_methods.py:142: RuntimeWarning: invalid value encountered in scalar divide
  ret = ret.dtype.type(ret / rcount)
/leonardo_work/IscrC_SISTER/tripteshb/venv/lib/python3.11/site-packages/numpy/_core/fromnumeric.py:3824: RuntimeWarning: Mean of empty slice
  return _methods._mean(a, axis=axis, dtype=dtype,
/leonardo_work/IscrC_SISTER/tripteshb/venv/lib/python3.11/site-packages/numpy/_core/_methods.py:142: RuntimeWarning: invalid value encountered in scalar divide
  ret = ret.dtype.type(ret / rcount)
INFO:root:epoch: 23
INFO:root:Epoch mean loss: 0.11091556323379025
INFO:root:train acc: 0.9538790931989924, val acc: 0.9586334533813524, new node val acc: 0.9441740272141321
INFO:root:train auc: 0.9911613350125944, val auc: 0.9923258601059473, new node val auc: 0.9890385941214247
INFO:root:train ap: 0.9913777100227381, val ap: 0.9926928630956069, new node val ap: 0.9898020975593124
INFO:root:start 24 epoch
/leonardo_work/IscrC_SISTER/tripteshb/venv/lib/python3.11/site-packages/numpy/_core/fromnumeric.py:3824: RuntimeWarning: Mean of empty slice
  return _methods._mean(a, axis=axis, dtype=dtype,
/leonardo_work/IscrC_SISTER/tripteshb/venv/lib/python3.11/site-packages/numpy/_core/_methods.py:142: RuntimeWarning: invalid value encountered in scalar divide
  ret = ret.dtype.type(ret / rcount)
/leonardo_work/IscrC_SISTER/tripteshb/venv/lib/python3.11/site-packages/numpy/_core/fromnumeric.py:3824: RuntimeWarning: Mean of empty slice
  return _methods._mean(a, axis=axis, dtype=dtype,
/leonardo_work/IscrC_SISTER/tripteshb/venv/lib/python3.11/site-packages/numpy/_core/_methods.py:142: RuntimeWarning: invalid value encountered in scalar divide
  ret = ret.dtype.type(ret / rcount)
INFO:root:epoch: 24
INFO:root:Epoch mean loss: 0.10995311452479334
INFO:root:train acc: 0.9538539042821157, val acc: 0.9584653861544616, new node val acc: 0.9446055144425878
INFO:root:train auc: 0.9913097292191435, val auc: 0.9921439273328378, new node val auc: 0.9886517159293791
INFO:root:train ap: 0.9915363074875692, val ap: 0.9925180089025554, new node val ap: 0.9893305303899782
INFO:root:start 25 epoch
/leonardo_work/IscrC_SISTER/tripteshb/venv/lib/python3.11/site-packages/numpy/_core/fromnumeric.py:3824: RuntimeWarning: Mean of empty slice
  return _methods._mean(a, axis=axis, dtype=dtype,
/leonardo_work/IscrC_SISTER/tripteshb/venv/lib/python3.11/site-packages/numpy/_core/_methods.py:142: RuntimeWarning: invalid value encountered in scalar divide
  ret = ret.dtype.type(ret / rcount)
/leonardo_work/IscrC_SISTER/tripteshb/venv/lib/python3.11/site-packages/numpy/_core/fromnumeric.py:3824: RuntimeWarning: Mean of empty slice
  return _methods._mean(a, axis=axis, dtype=dtype,
/leonardo_work/IscrC_SISTER/tripteshb/venv/lib/python3.11/site-packages/numpy/_core/_methods.py:142: RuntimeWarning: invalid value encountered in scalar divide
  ret = ret.dtype.type(ret / rcount)
INFO:root:epoch: 25
INFO:root:Epoch mean loss: 0.11016581365392926
INFO:root:train acc: 0.9537657430730478, val acc: 0.9581922769107644, new node val acc: 0.9439872284554786
INFO:root:train auc: 0.991328652392947, val auc: 0.9920176668286362, new node val auc: 0.9887422854205683
INFO:root:train ap: 0.9915219592804122, val ap: 0.9923758143167482, new node val ap: 0.9893858105834648
INFO:root:start 26 epoch
/leonardo_work/IscrC_SISTER/tripteshb/venv/lib/python3.11/site-packages/numpy/_core/fromnumeric.py:3824: RuntimeWarning: Mean of empty slice
  return _methods._mean(a, axis=axis, dtype=dtype,
/leonardo_work/IscrC_SISTER/tripteshb/venv/lib/python3.11/site-packages/numpy/_core/_methods.py:142: RuntimeWarning: invalid value encountered in scalar divide
  ret = ret.dtype.type(ret / rcount)
/leonardo_work/IscrC_SISTER/tripteshb/venv/lib/python3.11/site-packages/numpy/_core/fromnumeric.py:3824: RuntimeWarning: Mean of empty slice
  return _methods._mean(a, axis=axis, dtype=dtype,
/leonardo_work/IscrC_SISTER/tripteshb/venv/lib/python3.11/site-packages/numpy/_core/_methods.py:142: RuntimeWarning: invalid value encountered in scalar divide
  ret = ret.dtype.type(ret / rcount)
INFO:root:epoch: 26
INFO:root:Epoch mean loss: 0.10870916123257983
INFO:root:train acc: 0.9543954659949622, val acc: 0.9585284113645457, new node val acc: 0.9440027452852708
INFO:root:train auc: 0.9915094143576827, val auc: 0.9920418264925016, new node val auc: 0.9886206821437098
INFO:root:train ap: 0.991541378495862, val ap: 0.9924113377182304, new node val ap: 0.9895373462108532
INFO:root:start 27 epoch
/leonardo_work/IscrC_SISTER/tripteshb/venv/lib/python3.11/site-packages/numpy/_core/fromnumeric.py:3824: RuntimeWarning: Mean of empty slice
  return _methods._mean(a, axis=axis, dtype=dtype,
/leonardo_work/IscrC_SISTER/tripteshb/venv/lib/python3.11/site-packages/numpy/_core/_methods.py:142: RuntimeWarning: invalid value encountered in scalar divide
  ret = ret.dtype.type(ret / rcount)
/leonardo_work/IscrC_SISTER/tripteshb/venv/lib/python3.11/site-packages/numpy/_core/fromnumeric.py:3824: RuntimeWarning: Mean of empty slice
  return _methods._mean(a, axis=axis, dtype=dtype,
/leonardo_work/IscrC_SISTER/tripteshb/venv/lib/python3.11/site-packages/numpy/_core/_methods.py:142: RuntimeWarning: invalid value encountered in scalar divide
  ret = ret.dtype.type(ret / rcount)
INFO:root:epoch: 27
INFO:root:Epoch mean loss: 0.10979431566444486
INFO:root:train acc: 0.9529534005037783, val acc: 0.9592006802721088, new node val acc: 0.9446228216758177
INFO:root:train auc: 0.9914136649874056, val auc: 0.9921197676689725, new node val auc: 0.98862079931847
INFO:root:train ap: 0.9915465500909512, val ap: 0.9926044222792079, new node val ap: 0.9891729341451028
INFO:root:start 28 epoch
/leonardo_work/IscrC_SISTER/tripteshb/venv/lib/python3.11/site-packages/numpy/_core/fromnumeric.py:3824: RuntimeWarning: Mean of empty slice
  return _methods._mean(a, axis=axis, dtype=dtype,
/leonardo_work/IscrC_SISTER/tripteshb/venv/lib/python3.11/site-packages/numpy/_core/_methods.py:142: RuntimeWarning: invalid value encountered in scalar divide
  ret = ret.dtype.type(ret / rcount)
/leonardo_work/IscrC_SISTER/tripteshb/venv/lib/python3.11/site-packages/numpy/_core/fromnumeric.py:3824: RuntimeWarning: Mean of empty slice
  return _methods._mean(a, axis=axis, dtype=dtype,
/leonardo_work/IscrC_SISTER/tripteshb/venv/lib/python3.11/site-packages/numpy/_core/_methods.py:142: RuntimeWarning: invalid value encountered in scalar divide
  ret = ret.dtype.type(ret / rcount)
INFO:root:epoch: 28
INFO:root:Epoch mean loss: 0.10852337779796281
INFO:root:train acc: 0.9540239294710328, val acc: 0.957267907162865, new node val acc: 0.9431899021246122
INFO:root:train auc: 0.9916616183879091, val auc: 0.991874809685779, new node val auc: 0.9880633633863338
INFO:root:train ap: 0.9921115381952801, val ap: 0.9923519105655965, new node val ap: 0.9887621080831891
INFO:root:start 29 epoch
/leonardo_work/IscrC_SISTER/tripteshb/venv/lib/python3.11/site-packages/numpy/_core/fromnumeric.py:3824: RuntimeWarning: Mean of empty slice
  return _methods._mean(a, axis=axis, dtype=dtype,
/leonardo_work/IscrC_SISTER/tripteshb/venv/lib/python3.11/site-packages/numpy/_core/_methods.py:142: RuntimeWarning: invalid value encountered in scalar divide
  ret = ret.dtype.type(ret / rcount)
/leonardo_work/IscrC_SISTER/tripteshb/venv/lib/python3.11/site-packages/numpy/_core/fromnumeric.py:3824: RuntimeWarning: Mean of empty slice
  return _methods._mean(a, axis=axis, dtype=dtype,
/leonardo_work/IscrC_SISTER/tripteshb/venv/lib/python3.11/site-packages/numpy/_core/_methods.py:142: RuntimeWarning: invalid value encountered in scalar divide
  ret = ret.dtype.type(ret / rcount)
INFO:root:epoch: 29
INFO:root:Epoch mean loss: 0.11188123851981699
INFO:root:train acc: 0.9527770780856423, val acc: 0.9573309323729492, new node val acc: 0.9439275483408927
INFO:root:train auc: 0.9910136649874055, val auc: 0.9916385701899806, new node val auc: 0.9880387457593496
INFO:root:train ap: 0.9913487879765248, val ap: 0.9921576948468843, new node val ap: 0.9886450259022502
INFO:root:start 30 epoch
/leonardo_work/IscrC_SISTER/tripteshb/venv/lib/python3.11/site-packages/numpy/_core/fromnumeric.py:3824: RuntimeWarning: Mean of empty slice
  return _methods._mean(a, axis=axis, dtype=dtype,
/leonardo_work/IscrC_SISTER/tripteshb/venv/lib/python3.11/site-packages/numpy/_core/_methods.py:142: RuntimeWarning: invalid value encountered in scalar divide
  ret = ret.dtype.type(ret / rcount)
/leonardo_work/IscrC_SISTER/tripteshb/venv/lib/python3.11/site-packages/numpy/_core/fromnumeric.py:3824: RuntimeWarning: Mean of empty slice
  return _methods._mean(a, axis=axis, dtype=dtype,
/leonardo_work/IscrC_SISTER/tripteshb/venv/lib/python3.11/site-packages/numpy/_core/_methods.py:142: RuntimeWarning: invalid value encountered in scalar divide
  ret = ret.dtype.type(ret / rcount)
INFO:root:epoch: 30
INFO:root:Epoch mean loss: 0.10948869655898746
INFO:root:train acc: 0.9538350125944584, val acc: 0.9574149659863946, new node val acc: 0.9418936500358082
INFO:root:train auc: 0.9914156486146097, val auc: 0.9917541164084681, new node val auc: 0.9878416636126138
INFO:root:train ap: 0.9917233598396527, val ap: 0.9921767323714065, new node val ap: 0.9882092547852728
INFO:root:start 31 epoch
/leonardo_work/IscrC_SISTER/tripteshb/venv/lib/python3.11/site-packages/numpy/_core/fromnumeric.py:3824: RuntimeWarning: Mean of empty slice
  return _methods._mean(a, axis=axis, dtype=dtype,
/leonardo_work/IscrC_SISTER/tripteshb/venv/lib/python3.11/site-packages/numpy/_core/_methods.py:142: RuntimeWarning: invalid value encountered in scalar divide
  ret = ret.dtype.type(ret / rcount)
/leonardo_work/IscrC_SISTER/tripteshb/venv/lib/python3.11/site-packages/numpy/_core/fromnumeric.py:3824: RuntimeWarning: Mean of empty slice
  return _methods._mean(a, axis=axis, dtype=dtype,
/leonardo_work/IscrC_SISTER/tripteshb/venv/lib/python3.11/site-packages/numpy/_core/_methods.py:142: RuntimeWarning: invalid value encountered in scalar divide
  ret = ret.dtype.type(ret / rcount)
INFO:root:epoch: 31
INFO:root:Epoch mean loss: 0.10784570353753133
INFO:root:train acc: 0.9549055415617129, val acc: 0.957435974389756, new node val acc: 0.9427411076629267
INFO:root:train auc: 0.9915325251889168, val auc: 0.9918088432992244, new node val auc: 0.9877423938954808
INFO:root:train ap: 0.9916739123716294, val ap: 0.9923939111440185, new node val ap: 0.9880605001666196
INFO:root:start 32 epoch
/leonardo_work/IscrC_SISTER/tripteshb/venv/lib/python3.11/site-packages/numpy/_core/fromnumeric.py:3824: RuntimeWarning: Mean of empty slice
  return _methods._mean(a, axis=axis, dtype=dtype,
/leonardo_work/IscrC_SISTER/tripteshb/venv/lib/python3.11/site-packages/numpy/_core/_methods.py:142: RuntimeWarning: invalid value encountered in scalar divide
  ret = ret.dtype.type(ret / rcount)
/leonardo_work/IscrC_SISTER/tripteshb/venv/lib/python3.11/site-packages/numpy/_core/fromnumeric.py:3824: RuntimeWarning: Mean of empty slice
  return _methods._mean(a, axis=axis, dtype=dtype,
/leonardo_work/IscrC_SISTER/tripteshb/venv/lib/python3.11/site-packages/numpy/_core/_methods.py:142: RuntimeWarning: invalid value encountered in scalar divide
  ret = ret.dtype.type(ret / rcount)
INFO:root:epoch: 32
INFO:root:Epoch mean loss: 0.10741304197250126
INFO:root:train acc: 0.9547858942065491, val acc: 0.959389755902361, new node val acc: 0.944368584387682
INFO:root:train auc: 0.991704943324937, val auc: 0.9921645155681321, new node val auc: 0.9887190612402034
INFO:root:train ap: 0.9918130786040676, val ap: 0.9926742111231874, new node val ap: 0.9890179318581775
INFO:root:start 33 epoch
/leonardo_work/IscrC_SISTER/tripteshb/venv/lib/python3.11/site-packages/numpy/_core/fromnumeric.py:3824: RuntimeWarning: Mean of empty slice
  return _methods._mean(a, axis=axis, dtype=dtype,
/leonardo_work/IscrC_SISTER/tripteshb/venv/lib/python3.11/site-packages/numpy/_core/_methods.py:142: RuntimeWarning: invalid value encountered in scalar divide
  ret = ret.dtype.type(ret / rcount)
/leonardo_work/IscrC_SISTER/tripteshb/venv/lib/python3.11/site-packages/numpy/_core/fromnumeric.py:3824: RuntimeWarning: Mean of empty slice
  return _methods._mean(a, axis=axis, dtype=dtype,
/leonardo_work/IscrC_SISTER/tripteshb/venv/lib/python3.11/site-packages/numpy/_core/_methods.py:142: RuntimeWarning: invalid value encountered in scalar divide
  ret = ret.dtype.type(ret / rcount)
INFO:root:epoch: 33
INFO:root:Epoch mean loss: 0.10638197403992303
INFO:root:train acc: 0.9549685138539042, val acc: 0.9588645458183276, new node val acc: 0.9436733110527573
INFO:root:train auc: 0.9919578400503778, val auc: 0.9922174567446026, new node val auc: 0.9885651065500186
INFO:root:train ap: 0.992192299466451, val ap: 0.9927560482520238, new node val ap: 0.9890501164848912
INFO:root:start 34 epoch
/leonardo_work/IscrC_SISTER/tripteshb/venv/lib/python3.11/site-packages/numpy/_core/fromnumeric.py:3824: RuntimeWarning: Mean of empty slice
  return _methods._mean(a, axis=axis, dtype=dtype,
/leonardo_work/IscrC_SISTER/tripteshb/venv/lib/python3.11/site-packages/numpy/_core/_methods.py:142: RuntimeWarning: invalid value encountered in scalar divide
  ret = ret.dtype.type(ret / rcount)
/leonardo_work/IscrC_SISTER/tripteshb/venv/lib/python3.11/site-packages/numpy/_core/fromnumeric.py:3824: RuntimeWarning: Mean of empty slice
  return _methods._mean(a, axis=axis, dtype=dtype,
/leonardo_work/IscrC_SISTER/tripteshb/venv/lib/python3.11/site-packages/numpy/_core/_methods.py:142: RuntimeWarning: invalid value encountered in scalar divide
  ret = ret.dtype.type(ret / rcount)
INFO:root:epoch: 34
INFO:root:Epoch mean loss: 0.1051150559346832
INFO:root:train acc: 0.9554722921914357, val acc: 0.9575830332132852, new node val acc: 0.9413851754595369
INFO:root:train auc: 0.9922029911838792, val auc: 0.9921326878370395, new node val auc: 0.9881998040642999
INFO:root:train ap: 0.9923747604168778, val ap: 0.9926369831184683, new node val ap: 0.988714466698171
INFO:root:start 35 epoch
/leonardo_work/IscrC_SISTER/tripteshb/venv/lib/python3.11/site-packages/numpy/_core/fromnumeric.py:3824: RuntimeWarning: Mean of empty slice
  return _methods._mean(a, axis=axis, dtype=dtype,
/leonardo_work/IscrC_SISTER/tripteshb/venv/lib/python3.11/site-packages/numpy/_core/_methods.py:142: RuntimeWarning: invalid value encountered in scalar divide
  ret = ret.dtype.type(ret / rcount)
/leonardo_work/IscrC_SISTER/tripteshb/venv/lib/python3.11/site-packages/numpy/_core/fromnumeric.py:3824: RuntimeWarning: Mean of empty slice
  return _methods._mean(a, axis=axis, dtype=dtype,
/leonardo_work/IscrC_SISTER/tripteshb/venv/lib/python3.11/site-packages/numpy/_core/_methods.py:142: RuntimeWarning: invalid value encountered in scalar divide
  ret = ret.dtype.type(ret / rcount)
INFO:root:epoch: 35
INFO:root:Epoch mean loss: 0.1062047423147397
INFO:root:train acc: 0.9550314861460957, val acc: 0.957625050020008, new node val acc: 0.9423848173788494
INFO:root:train auc: 0.9919587846347607, val auc: 0.9917636752319974, new node val auc: 0.9878373178495659
INFO:root:train ap: 0.9923388501060973, val ap: 0.9923416967348815, new node val ap: 0.9881554809286388
INFO:root:start 36 epoch
/leonardo_work/IscrC_SISTER/tripteshb/venv/lib/python3.11/site-packages/numpy/_core/fromnumeric.py:3824: RuntimeWarning: Mean of empty slice
  return _methods._mean(a, axis=axis, dtype=dtype,
/leonardo_work/IscrC_SISTER/tripteshb/venv/lib/python3.11/site-packages/numpy/_core/_methods.py:142: RuntimeWarning: invalid value encountered in scalar divide
  ret = ret.dtype.type(ret / rcount)
/leonardo_work/IscrC_SISTER/tripteshb/venv/lib/python3.11/site-packages/numpy/_core/fromnumeric.py:3824: RuntimeWarning: Mean of empty slice
  return _methods._mean(a, axis=axis, dtype=dtype,
/leonardo_work/IscrC_SISTER/tripteshb/venv/lib/python3.11/site-packages/numpy/_core/_methods.py:142: RuntimeWarning: invalid value encountered in scalar divide
  ret = ret.dtype.type(ret / rcount)
INFO:root:epoch: 36
INFO:root:Epoch mean loss: 0.11688583510017647
INFO:root:train acc: 0.9516120906801008, val acc: 0.9557232893157263, new node val acc: 0.9411715206493196
INFO:root:train auc: 0.9903904596977331, val auc: 0.9912423517025861, new node val auc: 0.9874079807863655
INFO:root:train ap: 0.9906686276088315, val ap: 0.9918528320209289, new node val ap: 0.9883752155201744
INFO:root:start 37 epoch
/leonardo_work/IscrC_SISTER/tripteshb/venv/lib/python3.11/site-packages/numpy/_core/fromnumeric.py:3824: RuntimeWarning: Mean of empty slice
  return _methods._mean(a, axis=axis, dtype=dtype,
/leonardo_work/IscrC_SISTER/tripteshb/venv/lib/python3.11/site-packages/numpy/_core/_methods.py:142: RuntimeWarning: invalid value encountered in scalar divide
  ret = ret.dtype.type(ret / rcount)
/leonardo_work/IscrC_SISTER/tripteshb/venv/lib/python3.11/site-packages/numpy/_core/fromnumeric.py:3824: RuntimeWarning: Mean of empty slice
  return _methods._mean(a, axis=axis, dtype=dtype,
/leonardo_work/IscrC_SISTER/tripteshb/venv/lib/python3.11/site-packages/numpy/_core/_methods.py:142: RuntimeWarning: invalid value encountered in scalar divide
  ret = ret.dtype.type(ret / rcount)
INFO:root:epoch: 37
INFO:root:Epoch mean loss: 0.10951496717245587
INFO:root:train acc: 0.9538350125944585, val acc: 0.956595638255302, new node val acc: 0.9414854380520411
INFO:root:train auc: 0.9914159949622167, val auc: 0.9913788012824176, new node val auc: 0.9876668772842353
INFO:root:train ap: 0.9916431217211231, val ap: 0.9919665717286495, new node val ap: 0.9887599681915167
INFO:root:start 38 epoch
/leonardo_work/IscrC_SISTER/tripteshb/venv/lib/python3.11/site-packages/numpy/_core/fromnumeric.py:3824: RuntimeWarning: Mean of empty slice
  return _methods._mean(a, axis=axis, dtype=dtype,
/leonardo_work/IscrC_SISTER/tripteshb/venv/lib/python3.11/site-packages/numpy/_core/_methods.py:142: RuntimeWarning: invalid value encountered in scalar divide
  ret = ret.dtype.type(ret / rcount)
/leonardo_work/IscrC_SISTER/tripteshb/venv/lib/python3.11/site-packages/numpy/_core/fromnumeric.py:3824: RuntimeWarning: Mean of empty slice
  return _methods._mean(a, axis=axis, dtype=dtype,
/leonardo_work/IscrC_SISTER/tripteshb/venv/lib/python3.11/site-packages/numpy/_core/_methods.py:142: RuntimeWarning: invalid value encountered in scalar divide
  ret = ret.dtype.type(ret / rcount)
INFO:root:epoch: 38
INFO:root:Epoch mean loss: 0.10653970815870038
INFO:root:train acc: 0.9554219143576826, val acc: 0.9572358943577431, new node val acc: 0.9427912389591788
INFO:root:train auc: 0.9918413098236775, val auc: 0.9911965533832581, new node val auc: 0.9876389594309711
INFO:root:train ap: 0.9920228774099622, val ap: 0.9918582296808901, new node val ap: 0.9885990057263389
INFO:root:start 39 epoch
/leonardo_work/IscrC_SISTER/tripteshb/venv/lib/python3.11/site-packages/numpy/_core/fromnumeric.py:3824: RuntimeWarning: Mean of empty slice
  return _methods._mean(a, axis=axis, dtype=dtype,
/leonardo_work/IscrC_SISTER/tripteshb/venv/lib/python3.11/site-packages/numpy/_core/_methods.py:142: RuntimeWarning: invalid value encountered in scalar divide
  ret = ret.dtype.type(ret / rcount)
/leonardo_work/IscrC_SISTER/tripteshb/venv/lib/python3.11/site-packages/numpy/_core/fromnumeric.py:3824: RuntimeWarning: Mean of empty slice
  return _methods._mean(a, axis=axis, dtype=dtype,
/leonardo_work/IscrC_SISTER/tripteshb/venv/lib/python3.11/site-packages/numpy/_core/_methods.py:142: RuntimeWarning: invalid value encountered in scalar divide
  ret = ret.dtype.type(ret / rcount)
INFO:root:epoch: 39
INFO:root:Epoch mean loss: 0.10677772853875378
INFO:root:train acc: 0.9545403022670025, val acc: 0.9566166466586636, new node val acc: 0.9413081881117212
INFO:root:train auc: 0.9919453400503779, val auc: 0.9916394105261153, new node val auc: 0.9879715451938176
INFO:root:train ap: 0.99223772571978, val ap: 0.9922847018002582, new node val ap: 0.988814146638837
INFO:root:start 40 epoch
/leonardo_work/IscrC_SISTER/tripteshb/venv/lib/python3.11/site-packages/numpy/_core/fromnumeric.py:3824: RuntimeWarning: Mean of empty slice
  return _methods._mean(a, axis=axis, dtype=dtype,
/leonardo_work/IscrC_SISTER/tripteshb/venv/lib/python3.11/site-packages/numpy/_core/_methods.py:142: RuntimeWarning: invalid value encountered in scalar divide
  ret = ret.dtype.type(ret / rcount)
/leonardo_work/IscrC_SISTER/tripteshb/venv/lib/python3.11/site-packages/numpy/_core/fromnumeric.py:3824: RuntimeWarning: Mean of empty slice
  return _methods._mean(a, axis=axis, dtype=dtype,
/leonardo_work/IscrC_SISTER/tripteshb/venv/lib/python3.11/site-packages/numpy/_core/_methods.py:142: RuntimeWarning: invalid value encountered in scalar divide
  ret = ret.dtype.type(ret / rcount)
INFO:root:epoch: 40
INFO:root:Epoch mean loss: 0.10610951467414835
INFO:root:train acc: 0.9554722921914357, val acc: 0.9574569827931173, new node val acc: 0.9424349486751015
INFO:root:train auc: 0.9919962846347606, val auc: 0.9917212382572077, new node val auc: 0.9879686066626543
INFO:root:train ap: 0.9920068877608796, val ap: 0.9921763630490852, new node val ap: 0.9888071330764907
INFO:root:No improvement over 20 epochs, stop training
INFO:root:Loading the best model at epoch 20
/leonardo_work/IscrC_SISTER/tripteshb/SL-neural-network-for-temporal-graph/models/sl_rnn.py:318: FutureWarning: You are using `torch.load` with `weights_only=False` (the current default value), which uses the default pickle module implicitly. It is possible to construct malicious pickle data which will execute arbitrary code during unpickling (See https://github.com/pytorch/pytorch/blob/main/SECURITY.md#untrusted-models for more details). In a future release, the default value for `weights_only` will be flipped to `True`. This limits the functions that could be executed during unpickling. Arbitrary objects will no longer be allowed to be loaded via this mode unless they are explicitly allowlisted by the user via `torch.serialization.add_safe_globals`. We recommend you start setting `weights_only=True` for any use case where you don't have full control of the loaded file. Please open an issue on GitHub for any issues related to this experimental feature.
  model.load_state_dict(torch.load(best_model_path))
/leonardo_work/IscrC_SISTER/tripteshb/venv/lib/python3.11/site-packages/numpy/_core/fromnumeric.py:3824: RuntimeWarning: Mean of empty slice
  return _methods._mean(a, axis=axis, dtype=dtype,
/leonardo_work/IscrC_SISTER/tripteshb/venv/lib/python3.11/site-packages/numpy/_core/_methods.py:142: RuntimeWarning: invalid value encountered in scalar divide
  ret = ret.dtype.type(ret / rcount)
/leonardo_work/IscrC_SISTER/tripteshb/venv/lib/python3.11/site-packages/numpy/_core/fromnumeric.py:3824: RuntimeWarning: Mean of empty slice
  return _methods._mean(a, axis=axis, dtype=dtype,
/leonardo_work/IscrC_SISTER/tripteshb/venv/lib/python3.11/site-packages/numpy/_core/_methods.py:142: RuntimeWarning: invalid value encountered in scalar divide
  ret = ret.dtype.type(ret / rcount)
INFO:root:Test old nodes -- acc: 0.9559033613445378, auc: 0.9909176470588236, ap: 0.9915293933704752
INFO:root:Test new nodes -- acc: 0.9395300462249616, auc: 0.9861940207156309, ap: 0.9868125266610145
INFO:root:DyG-SLRNN model saved to ./saved_models/-sl-rnn-wikipedia.pth
