INFO:root:Namespace(data='wikipedia', bs=200, prefix='hello_world', n_degree=20, n_head=2, n_epoch=50, n_layer=2, lr=0.0001, drop_out=0.1, gpu=0, node_dim=100, time_dim=100, agg_method='attn', attn_mode='prod', time='time', uniform=True)
INFO:utils.module:Aggregation uses attention model
INFO:utils.module:Using scaled prod attention
INFO:utils.module:Using scaled prod attention
INFO:utils.module:Using time encoding
INFO:root:num of training instances: 81029
INFO:root:num of batches per epoch: 406
INFO:root:start 0 epoch
/leonardo_work/IscrC_SISTER/tripteshb/venv/lib/python3.11/site-packages/numpy/_core/fromnumeric.py:3824: RuntimeWarning: Mean of empty slice
  return _methods._mean(a, axis=axis, dtype=dtype,
/leonardo_work/IscrC_SISTER/tripteshb/venv/lib/python3.11/site-packages/numpy/_core/_methods.py:142: RuntimeWarning: invalid value encountered in scalar divide
  ret = ret.dtype.type(ret / rcount)
/leonardo_work/IscrC_SISTER/tripteshb/venv/lib/python3.11/site-packages/numpy/_core/fromnumeric.py:3824: RuntimeWarning: Mean of empty slice
  return _methods._mean(a, axis=axis, dtype=dtype,
/leonardo_work/IscrC_SISTER/tripteshb/venv/lib/python3.11/site-packages/numpy/_core/_methods.py:142: RuntimeWarning: invalid value encountered in scalar divide
  ret = ret.dtype.type(ret / rcount)
INFO:root:epoch: 0:
INFO:root:Epoch mean loss: 0.8164964434254933
INFO:root:train acc: 0.8051671358198451, val acc: 0.8260363790186125, new node val acc: 0.8215295095594346
INFO:root:train auc: 0.8919305456419021, val auc: 0.908570219966159, new node val auc: 0.9067691881407592
INFO:root:train ap: 0.8898336035153671, val ap: 0.9119236597334263, new node val ap: 0.9111977892272256
INFO:root:start 1 epoch
/leonardo_work/IscrC_SISTER/tripteshb/venv/lib/python3.11/site-packages/numpy/_core/fromnumeric.py:3824: RuntimeWarning: Mean of empty slice
  return _methods._mean(a, axis=axis, dtype=dtype,
/leonardo_work/IscrC_SISTER/tripteshb/venv/lib/python3.11/site-packages/numpy/_core/_methods.py:142: RuntimeWarning: invalid value encountered in scalar divide
  ret = ret.dtype.type(ret / rcount)
/leonardo_work/IscrC_SISTER/tripteshb/venv/lib/python3.11/site-packages/numpy/_core/fromnumeric.py:3824: RuntimeWarning: Mean of empty slice
  return _methods._mean(a, axis=axis, dtype=dtype,
/leonardo_work/IscrC_SISTER/tripteshb/venv/lib/python3.11/site-packages/numpy/_core/_methods.py:142: RuntimeWarning: invalid value encountered in scalar divide
  ret = ret.dtype.type(ret / rcount)
INFO:root:epoch: 1:
INFO:root:Epoch mean loss: 0.6324449254227389
INFO:root:train acc: 0.8605612244897959, val acc: 0.8451353637901862, new node val acc: 0.843474646716542
INFO:root:train auc: 0.9392111566301398, val auc: 0.9237309644670051, new node val auc: 0.9221515655306181
INFO:root:train ap: 0.9388147103616019, val ap: 0.9256392002161075, new node val ap: 0.9259114515663017
INFO:root:start 2 epoch
/leonardo_work/IscrC_SISTER/tripteshb/venv/lib/python3.11/site-packages/numpy/_core/fromnumeric.py:3824: RuntimeWarning: Mean of empty slice
  return _methods._mean(a, axis=axis, dtype=dtype,
/leonardo_work/IscrC_SISTER/tripteshb/venv/lib/python3.11/site-packages/numpy/_core/_methods.py:142: RuntimeWarning: invalid value encountered in scalar divide
  ret = ret.dtype.type(ret / rcount)
/leonardo_work/IscrC_SISTER/tripteshb/venv/lib/python3.11/site-packages/numpy/_core/fromnumeric.py:3824: RuntimeWarning: Mean of empty slice
  return _methods._mean(a, axis=axis, dtype=dtype,
/leonardo_work/IscrC_SISTER/tripteshb/venv/lib/python3.11/site-packages/numpy/_core/_methods.py:142: RuntimeWarning: invalid value encountered in scalar divide
  ret = ret.dtype.type(ret / rcount)
INFO:root:epoch: 2:
INFO:root:Epoch mean loss: 0.5644555703319353
INFO:root:train acc: 0.8779451090781141, val acc: 0.8634940778341794, new node val acc: 0.8600997506234414
INFO:root:train auc: 0.9518610686639187, val auc: 0.9401247884940779, new node val auc: 0.9374369631476863
INFO:root:train ap: 0.9530198795739957, val ap: 0.9427951681905433, new node val ap: 0.9411699149581765
INFO:root:start 3 epoch
/leonardo_work/IscrC_SISTER/tripteshb/venv/lib/python3.11/site-packages/numpy/_core/fromnumeric.py:3824: RuntimeWarning: Mean of empty slice
  return _methods._mean(a, axis=axis, dtype=dtype,
/leonardo_work/IscrC_SISTER/tripteshb/venv/lib/python3.11/site-packages/numpy/_core/_methods.py:142: RuntimeWarning: invalid value encountered in scalar divide
  ret = ret.dtype.type(ret / rcount)
/leonardo_work/IscrC_SISTER/tripteshb/venv/lib/python3.11/site-packages/numpy/_core/fromnumeric.py:3824: RuntimeWarning: Mean of empty slice
  return _methods._mean(a, axis=axis, dtype=dtype,
/leonardo_work/IscrC_SISTER/tripteshb/venv/lib/python3.11/site-packages/numpy/_core/_methods.py:142: RuntimeWarning: invalid value encountered in scalar divide
  ret = ret.dtype.type(ret / rcount)
INFO:root:epoch: 3:
INFO:root:Epoch mean loss: 0.5293971066698065
INFO:root:train acc: 0.886588669950739, val acc: 0.8772419627749577, new node val acc: 0.8685369908561927
INFO:root:train auc: 0.9575849728561375, val auc: 0.949364777213762, new node val auc: 0.9462538099196454
INFO:root:train ap: 0.9588730733378715, val ap: 0.9522818734077309, new node val ap: 0.9497077758417901
INFO:root:start 4 epoch
/leonardo_work/IscrC_SISTER/tripteshb/venv/lib/python3.11/site-packages/numpy/_core/fromnumeric.py:3824: RuntimeWarning: Mean of empty slice
  return _methods._mean(a, axis=axis, dtype=dtype,
/leonardo_work/IscrC_SISTER/tripteshb/venv/lib/python3.11/site-packages/numpy/_core/_methods.py:142: RuntimeWarning: invalid value encountered in scalar divide
  ret = ret.dtype.type(ret / rcount)
/leonardo_work/IscrC_SISTER/tripteshb/venv/lib/python3.11/site-packages/numpy/_core/fromnumeric.py:3824: RuntimeWarning: Mean of empty slice
  return _methods._mean(a, axis=axis, dtype=dtype,
/leonardo_work/IscrC_SISTER/tripteshb/venv/lib/python3.11/site-packages/numpy/_core/_methods.py:142: RuntimeWarning: invalid value encountered in scalar divide
  ret = ret.dtype.type(ret / rcount)
INFO:root:epoch: 4:
INFO:root:Epoch mean loss: 0.4977830724029118
INFO:root:train acc: 0.8935784658691063, val acc: 0.8826776649746192, new node val acc: 0.87809642560266
INFO:root:train auc: 0.9622087438423645, val auc: 0.9528574450084603, new node val auc: 0.9511942366306456
INFO:root:train ap: 0.9633994257412087, val ap: 0.9555956154471907, new node val ap: 0.9549252374793566
INFO:root:start 5 epoch
/leonardo_work/IscrC_SISTER/tripteshb/venv/lib/python3.11/site-packages/numpy/_core/fromnumeric.py:3824: RuntimeWarning: Mean of empty slice
  return _methods._mean(a, axis=axis, dtype=dtype,
/leonardo_work/IscrC_SISTER/tripteshb/venv/lib/python3.11/site-packages/numpy/_core/_methods.py:142: RuntimeWarning: invalid value encountered in scalar divide
  ret = ret.dtype.type(ret / rcount)
/leonardo_work/IscrC_SISTER/tripteshb/venv/lib/python3.11/site-packages/numpy/_core/fromnumeric.py:3824: RuntimeWarning: Mean of empty slice
  return _methods._mean(a, axis=axis, dtype=dtype,
/leonardo_work/IscrC_SISTER/tripteshb/venv/lib/python3.11/site-packages/numpy/_core/_methods.py:142: RuntimeWarning: invalid value encountered in scalar divide
  ret = ret.dtype.type(ret / rcount)
INFO:root:epoch: 5:
INFO:root:Epoch mean loss: 0.4839243152605489
INFO:root:train acc: 0.8963344475721322, val acc: 0.8858079526226734, new node val acc: 0.8786783042394015
INFO:root:train auc: 0.9642580878656881, val auc: 0.9546178793006205, new node val auc: 0.9508880576336934
INFO:root:train ap: 0.9658287892556915, val ap: 0.9575430031670371, new node val ap: 0.9537676095374161
INFO:root:start 6 epoch
/leonardo_work/IscrC_SISTER/tripteshb/venv/lib/python3.11/site-packages/numpy/_core/fromnumeric.py:3824: RuntimeWarning: Mean of empty slice
  return _methods._mean(a, axis=axis, dtype=dtype,
/leonardo_work/IscrC_SISTER/tripteshb/venv/lib/python3.11/site-packages/numpy/_core/_methods.py:142: RuntimeWarning: invalid value encountered in scalar divide
  ret = ret.dtype.type(ret / rcount)
/leonardo_work/IscrC_SISTER/tripteshb/venv/lib/python3.11/site-packages/numpy/_core/fromnumeric.py:3824: RuntimeWarning: Mean of empty slice
  return _methods._mean(a, axis=axis, dtype=dtype,
/leonardo_work/IscrC_SISTER/tripteshb/venv/lib/python3.11/site-packages/numpy/_core/_methods.py:142: RuntimeWarning: invalid value encountered in scalar divide
  ret = ret.dtype.type(ret / rcount)
INFO:root:epoch: 6:
INFO:root:Epoch mean loss: 0.47081126500233056
INFO:root:train acc: 0.8988881069669247, val acc: 0.8870135363790187, new node val acc: 0.8792186201163757
INFO:root:train auc: 0.9660420522519353, val auc: 0.9566962774957699, new node val auc: 0.9506192851205322
INFO:root:train ap: 0.9674556670215508, val ap: 0.9593620887540588, new node val ap: 0.9525755091336592
INFO:root:start 7 epoch
/leonardo_work/IscrC_SISTER/tripteshb/venv/lib/python3.11/site-packages/numpy/_core/fromnumeric.py:3824: RuntimeWarning: Mean of empty slice
  return _methods._mean(a, axis=axis, dtype=dtype,
/leonardo_work/IscrC_SISTER/tripteshb/venv/lib/python3.11/site-packages/numpy/_core/_methods.py:142: RuntimeWarning: invalid value encountered in scalar divide
  ret = ret.dtype.type(ret / rcount)
/leonardo_work/IscrC_SISTER/tripteshb/venv/lib/python3.11/site-packages/numpy/_core/fromnumeric.py:3824: RuntimeWarning: Mean of empty slice
  return _methods._mean(a, axis=axis, dtype=dtype,
/leonardo_work/IscrC_SISTER/tripteshb/venv/lib/python3.11/site-packages/numpy/_core/_methods.py:142: RuntimeWarning: invalid value encountered in scalar divide
  ret = ret.dtype.type(ret / rcount)
INFO:root:epoch: 7:
INFO:root:Epoch mean loss: 0.4592497911799717
INFO:root:train acc: 0.9018780788177341, val acc: 0.8901861252115059, new node val acc: 0.8809642560266001
INFO:root:train auc: 0.9675053684527999, val auc: 0.9575888324873095, new node val auc: 0.9524619008035466
INFO:root:train ap: 0.9686074396677415, val ap: 0.9600943257960445, new node val ap: 0.9553643601557278
INFO:root:start 8 epoch
/leonardo_work/IscrC_SISTER/tripteshb/venv/lib/python3.11/site-packages/numpy/_core/fromnumeric.py:3824: RuntimeWarning: Mean of empty slice
  return _methods._mean(a, axis=axis, dtype=dtype,
/leonardo_work/IscrC_SISTER/tripteshb/venv/lib/python3.11/site-packages/numpy/_core/_methods.py:142: RuntimeWarning: invalid value encountered in scalar divide
  ret = ret.dtype.type(ret / rcount)
/leonardo_work/IscrC_SISTER/tripteshb/venv/lib/python3.11/site-packages/numpy/_core/fromnumeric.py:3824: RuntimeWarning: Mean of empty slice
  return _methods._mean(a, axis=axis, dtype=dtype,
/leonardo_work/IscrC_SISTER/tripteshb/venv/lib/python3.11/site-packages/numpy/_core/_methods.py:142: RuntimeWarning: invalid value encountered in scalar divide
  ret = ret.dtype.type(ret / rcount)
INFO:root:epoch: 8:
INFO:root:Epoch mean loss: 0.4524912508984505
INFO:root:train acc: 0.9027207952146377, val acc: 0.8886421319796954, new node val acc: 0.8823773898586867
INFO:root:train auc: 0.9684942909922589, val auc: 0.9573893119007333, new node val auc: 0.952679412579662
INFO:root:train ap: 0.9696582944348072, val ap: 0.9592251736041026, new node val ap: 0.9552458970795984
INFO:root:start 9 epoch
/leonardo_work/IscrC_SISTER/tripteshb/venv/lib/python3.11/site-packages/numpy/_core/fromnumeric.py:3824: RuntimeWarning: Mean of empty slice
  return _methods._mean(a, axis=axis, dtype=dtype,
/leonardo_work/IscrC_SISTER/tripteshb/venv/lib/python3.11/site-packages/numpy/_core/_methods.py:142: RuntimeWarning: invalid value encountered in scalar divide
  ret = ret.dtype.type(ret / rcount)
/leonardo_work/IscrC_SISTER/tripteshb/venv/lib/python3.11/site-packages/numpy/_core/fromnumeric.py:3824: RuntimeWarning: Mean of empty slice
  return _methods._mean(a, axis=axis, dtype=dtype,
/leonardo_work/IscrC_SISTER/tripteshb/venv/lib/python3.11/site-packages/numpy/_core/_methods.py:142: RuntimeWarning: invalid value encountered in scalar divide
  ret = ret.dtype.type(ret / rcount)
INFO:root:epoch: 9:
INFO:root:Epoch mean loss: 0.43925227709298065
INFO:root:train acc: 0.9063872273047151, val acc: 0.8909686971235193, new node val acc: 0.882086450540316
INFO:root:train auc: 0.9702630139740624, val auc: 0.958119712351946, new node val auc: 0.9541881407592131
INFO:root:train ap: 0.9712052561888547, val ap: 0.9604497822298088, new node val ap: 0.9567222224513453
INFO:root:start 10 epoch
/leonardo_work/IscrC_SISTER/tripteshb/venv/lib/python3.11/site-packages/numpy/_core/fromnumeric.py:3824: RuntimeWarning: Mean of empty slice
  return _methods._mean(a, axis=axis, dtype=dtype,
/leonardo_work/IscrC_SISTER/tripteshb/venv/lib/python3.11/site-packages/numpy/_core/_methods.py:142: RuntimeWarning: invalid value encountered in scalar divide
  ret = ret.dtype.type(ret / rcount)
/leonardo_work/IscrC_SISTER/tripteshb/venv/lib/python3.11/site-packages/numpy/_core/fromnumeric.py:3824: RuntimeWarning: Mean of empty slice
  return _methods._mean(a, axis=axis, dtype=dtype,
/leonardo_work/IscrC_SISTER/tripteshb/venv/lib/python3.11/site-packages/numpy/_core/_methods.py:142: RuntimeWarning: invalid value encountered in scalar divide
  ret = ret.dtype.type(ret / rcount)
INFO:root:epoch: 10:
INFO:root:Epoch mean loss: 0.4338018745917992
INFO:root:train acc: 0.9073522167487684, val acc: 0.8912436548223349, new node val acc: 0.8817123857024106
INFO:root:train auc: 0.9709224803960993, val auc: 0.9590947546531303, new node val auc: 0.9531559988916596
INFO:root:train ap: 0.9717583862603676, val ap: 0.9615756584741486, new node val ap: 0.9561829169257791
INFO:root:start 11 epoch
/leonardo_work/IscrC_SISTER/tripteshb/venv/lib/python3.11/site-packages/numpy/_core/fromnumeric.py:3824: RuntimeWarning: Mean of empty slice
  return _methods._mean(a, axis=axis, dtype=dtype,
/leonardo_work/IscrC_SISTER/tripteshb/venv/lib/python3.11/site-packages/numpy/_core/_methods.py:142: RuntimeWarning: invalid value encountered in scalar divide
  ret = ret.dtype.type(ret / rcount)
/leonardo_work/IscrC_SISTER/tripteshb/venv/lib/python3.11/site-packages/numpy/_core/fromnumeric.py:3824: RuntimeWarning: Mean of empty slice
  return _methods._mean(a, axis=axis, dtype=dtype,
/leonardo_work/IscrC_SISTER/tripteshb/venv/lib/python3.11/site-packages/numpy/_core/_methods.py:142: RuntimeWarning: invalid value encountered in scalar divide
  ret = ret.dtype.type(ret / rcount)
INFO:root:epoch: 11:
INFO:root:Epoch mean loss: 0.4287797420336108
INFO:root:train acc: 0.9084482758620691, val acc: 0.8934644670050761, new node val acc: 0.8843724023275146
INFO:root:train auc: 0.9714535161355183, val auc: 0.9599259729272419, new node val auc: 0.9556206705458576
INFO:root:train ap: 0.9725031348109476, val ap: 0.9619801865183413, new node val ap: 0.9581168781342831
INFO:root:start 12 epoch
/leonardo_work/IscrC_SISTER/tripteshb/venv/lib/python3.11/site-packages/numpy/_core/fromnumeric.py:3824: RuntimeWarning: Mean of empty slice
  return _methods._mean(a, axis=axis, dtype=dtype,
/leonardo_work/IscrC_SISTER/tripteshb/venv/lib/python3.11/site-packages/numpy/_core/_methods.py:142: RuntimeWarning: invalid value encountered in scalar divide
  ret = ret.dtype.type(ret / rcount)
/leonardo_work/IscrC_SISTER/tripteshb/venv/lib/python3.11/site-packages/numpy/_core/fromnumeric.py:3824: RuntimeWarning: Mean of empty slice
  return _methods._mean(a, axis=axis, dtype=dtype,
/leonardo_work/IscrC_SISTER/tripteshb/venv/lib/python3.11/site-packages/numpy/_core/_methods.py:142: RuntimeWarning: invalid value encountered in scalar divide
  ret = ret.dtype.type(ret / rcount)
INFO:root:epoch: 12:
INFO:root:Epoch mean loss: 0.4209988102170047
INFO:root:train acc: 0.9099665728360309, val acc: 0.8966582064297801, new node val acc: 0.8866999168744804
INFO:root:train auc: 0.9724991291344124, val auc: 0.9616737168640723, new node val auc: 0.9565627597672487
INFO:root:train ap: 0.9731629368783654, val ap: 0.963664912131081, new node val ap: 0.9595250241324608
INFO:root:start 13 epoch
/leonardo_work/IscrC_SISTER/tripteshb/venv/lib/python3.11/site-packages/numpy/_core/fromnumeric.py:3824: RuntimeWarning: Mean of empty slice
  return _methods._mean(a, axis=axis, dtype=dtype,
/leonardo_work/IscrC_SISTER/tripteshb/venv/lib/python3.11/site-packages/numpy/_core/_methods.py:142: RuntimeWarning: invalid value encountered in scalar divide
  ret = ret.dtype.type(ret / rcount)
/leonardo_work/IscrC_SISTER/tripteshb/venv/lib/python3.11/site-packages/numpy/_core/fromnumeric.py:3824: RuntimeWarning: Mean of empty slice
  return _methods._mean(a, axis=axis, dtype=dtype,
/leonardo_work/IscrC_SISTER/tripteshb/venv/lib/python3.11/site-packages/numpy/_core/_methods.py:142: RuntimeWarning: invalid value encountered in scalar divide
  ret = ret.dtype.type(ret / rcount)
INFO:root:epoch: 13:
INFO:root:Epoch mean loss: 0.4150715676214307
INFO:root:train acc: 0.9106359957776216, val acc: 0.8923223350253808, new node val acc: 0.886284289276808
INFO:root:train auc: 0.9731152571126973, val auc: 0.9608523688663282, new node val auc: 0.954804655029094
INFO:root:train ap: 0.9738279430552231, val ap: 0.9629954667401668, new node val ap: 0.9582840323054199
INFO:root:start 14 epoch
/leonardo_work/IscrC_SISTER/tripteshb/venv/lib/python3.11/site-packages/numpy/_core/fromnumeric.py:3824: RuntimeWarning: Mean of empty slice
  return _methods._mean(a, axis=axis, dtype=dtype,
/leonardo_work/IscrC_SISTER/tripteshb/venv/lib/python3.11/site-packages/numpy/_core/_methods.py:142: RuntimeWarning: invalid value encountered in scalar divide
  ret = ret.dtype.type(ret / rcount)
/leonardo_work/IscrC_SISTER/tripteshb/venv/lib/python3.11/site-packages/numpy/_core/fromnumeric.py:3824: RuntimeWarning: Mean of empty slice
  return _methods._mean(a, axis=axis, dtype=dtype,
/leonardo_work/IscrC_SISTER/tripteshb/venv/lib/python3.11/site-packages/numpy/_core/_methods.py:142: RuntimeWarning: invalid value encountered in scalar divide
  ret = ret.dtype.type(ret / rcount)
INFO:root:epoch: 14:
INFO:root:Epoch mean loss: 0.4042727108218987
INFO:root:train acc: 0.913575826882477, val acc: 0.891899323181049, new node val acc: 0.8773898586866169
INFO:root:train auc: 0.9744749359103247, val auc: 0.9601212633953751, new node val auc: 0.951137434192297
INFO:root:train ap: 0.9753837128211278, val ap: 0.9619252886842081, new node val ap: 0.9535096175362285
INFO:root:start 15 epoch
/leonardo_work/IscrC_SISTER/tripteshb/venv/lib/python3.11/site-packages/numpy/_core/fromnumeric.py:3824: RuntimeWarning: Mean of empty slice
  return _methods._mean(a, axis=axis, dtype=dtype,
/leonardo_work/IscrC_SISTER/tripteshb/venv/lib/python3.11/site-packages/numpy/_core/_methods.py:142: RuntimeWarning: invalid value encountered in scalar divide
  ret = ret.dtype.type(ret / rcount)
/leonardo_work/IscrC_SISTER/tripteshb/venv/lib/python3.11/site-packages/numpy/_core/fromnumeric.py:3824: RuntimeWarning: Mean of empty slice
  return _methods._mean(a, axis=axis, dtype=dtype,
/leonardo_work/IscrC_SISTER/tripteshb/venv/lib/python3.11/site-packages/numpy/_core/_methods.py:142: RuntimeWarning: invalid value encountered in scalar divide
  ret = ret.dtype.type(ret / rcount)
INFO:root:epoch: 15:
INFO:root:Epoch mean loss: 0.400366402722051
INFO:root:train acc: 0.9143182617874737, val acc: 0.8914763113367175, new node val acc: 0.8832502078137987
INFO:root:train auc: 0.9749768761938273, val auc: 0.9597518330513255, new node val auc: 0.9558561928512054
INFO:root:train ap: 0.9758662980438196, val ap: 0.961667023771243, new node val ap: 0.958573466464228
INFO:root:No improvment over 3 epochs, stop training
INFO:root:Loading the best model at epoch 13
/leonardo_work/IscrC_SISTER/tripteshb/SL-neural-network-for-temporal-graph/models/tgat.py:301: FutureWarning: You are using `torch.load` with `weights_only=False` (the current default value), which uses the default pickle module implicitly. It is possible to construct malicious pickle data which will execute arbitrary code during unpickling (See https://github.com/pytorch/pytorch/blob/main/SECURITY.md#untrusted-models for more details). In a future release, the default value for `weights_only` will be flipped to `True`. This limits the functions that could be executed during unpickling. Arbitrary objects will no longer be allowed to be loaded via this mode unless they are explicitly allowlisted by the user via `torch.serialization.add_safe_globals`. We recommend you start setting `weights_only=True` for any use case where you don't have full control of the loaded file. Please open an issue on GitHub for any issues related to this experimental feature.
  tgan.load_state_dict(torch.load(best_model_path))
INFO:root:Loaded the best model at epoch 13 for inference
/leonardo_work/IscrC_SISTER/tripteshb/venv/lib/python3.11/site-packages/numpy/_core/fromnumeric.py:3824: RuntimeWarning: Mean of empty slice
  return _methods._mean(a, axis=axis, dtype=dtype,
/leonardo_work/IscrC_SISTER/tripteshb/venv/lib/python3.11/site-packages/numpy/_core/_methods.py:142: RuntimeWarning: invalid value encountered in scalar divide
  ret = ret.dtype.type(ret / rcount)
/leonardo_work/IscrC_SISTER/tripteshb/venv/lib/python3.11/site-packages/numpy/_core/fromnumeric.py:3824: RuntimeWarning: Mean of empty slice
  return _methods._mean(a, axis=axis, dtype=dtype,
/leonardo_work/IscrC_SISTER/tripteshb/venv/lib/python3.11/site-packages/numpy/_core/_methods.py:142: RuntimeWarning: invalid value encountered in scalar divide
  ret = ret.dtype.type(ret / rcount)
INFO:root:Test statistics: Old nodes -- acc: 0.878997461928934, auc: 0.949585448392555, ap: 0.9527265017182862
INFO:root:Test statistics: New nodes -- acc: 0.8517172086225794, auc: 0.9365199123127511, ap: 0.9412868594533029
INFO:root:Saving TGAN model
INFO:root:TGAN models saved
