INFO:root:Namespace(data='wikipedia', bs=200, prefix='hello_world', n_degree=20, n_head=2, n_epoch=50, n_layer=2, lr=0.0001, drop_out=0.1, gpu=0, node_dim=100, time_dim=100, agg_method='attn', attn_mode='prod', time='time', uniform=True)
INFO:utils.module:Aggregation uses attention model
INFO:utils.module:Using scaled prod attention
INFO:utils.module:Using scaled prod attention
INFO:utils.module:Using time encoding
INFO:root:num of training instances: 81029
INFO:root:num of batches per epoch: 406
INFO:root:start 0 epoch
/leonardo_work/IscrC_SISTER/tripteshb/venv/lib/python3.11/site-packages/numpy/_core/fromnumeric.py:3824: RuntimeWarning: Mean of empty slice
  return _methods._mean(a, axis=axis, dtype=dtype,
/leonardo_work/IscrC_SISTER/tripteshb/venv/lib/python3.11/site-packages/numpy/_core/_methods.py:142: RuntimeWarning: invalid value encountered in scalar divide
  ret = ret.dtype.type(ret / rcount)
/leonardo_work/IscrC_SISTER/tripteshb/venv/lib/python3.11/site-packages/numpy/_core/fromnumeric.py:3824: RuntimeWarning: Mean of empty slice
  return _methods._mean(a, axis=axis, dtype=dtype,
/leonardo_work/IscrC_SISTER/tripteshb/venv/lib/python3.11/site-packages/numpy/_core/_methods.py:142: RuntimeWarning: invalid value encountered in scalar divide
  ret = ret.dtype.type(ret / rcount)
INFO:root:epoch: 0:
INFO:root:Epoch mean loss: 0.8368975596474897
INFO:root:train acc: 0.7992777973258268, val acc: 0.8206218274111675, new node val acc: 0.81571072319202
INFO:root:train auc: 0.8850799424449581, val auc: 0.9020671178793006, new node val auc: 0.9001066777500694
INFO:root:train ap: 0.8827722920349904, val ap: 0.9032250482343124, new node val ap: 0.9034565510451746
INFO:root:start 1 epoch
/leonardo_work/IscrC_SISTER/tripteshb/venv/lib/python3.11/site-packages/numpy/_core/fromnumeric.py:3824: RuntimeWarning: Mean of empty slice
  return _methods._mean(a, axis=axis, dtype=dtype,
/leonardo_work/IscrC_SISTER/tripteshb/venv/lib/python3.11/site-packages/numpy/_core/_methods.py:142: RuntimeWarning: invalid value encountered in scalar divide
  ret = ret.dtype.type(ret / rcount)
/leonardo_work/IscrC_SISTER/tripteshb/venv/lib/python3.11/site-packages/numpy/_core/fromnumeric.py:3824: RuntimeWarning: Mean of empty slice
  return _methods._mean(a, axis=axis, dtype=dtype,
/leonardo_work/IscrC_SISTER/tripteshb/venv/lib/python3.11/site-packages/numpy/_core/_methods.py:142: RuntimeWarning: invalid value encountered in scalar divide
  ret = ret.dtype.type(ret / rcount)
INFO:root:epoch: 1:
INFO:root:Epoch mean loss: 0.6433663819664217
INFO:root:train acc: 0.8582274806474314, val acc: 0.8406937394247039, new node val acc: 0.835120532003325
INFO:root:train auc: 0.9370044272142355, val auc: 0.9216983925549915, new node val auc: 0.9172194513715711
INFO:root:train ap: 0.9365118460027191, val ap: 0.9239158171428652, new node val ap: 0.9217222238174335
INFO:root:start 2 epoch
/leonardo_work/IscrC_SISTER/tripteshb/venv/lib/python3.11/site-packages/numpy/_core/fromnumeric.py:3824: RuntimeWarning: Mean of empty slice
  return _methods._mean(a, axis=axis, dtype=dtype,
/leonardo_work/IscrC_SISTER/tripteshb/venv/lib/python3.11/site-packages/numpy/_core/_methods.py:142: RuntimeWarning: invalid value encountered in scalar divide
  ret = ret.dtype.type(ret / rcount)
/leonardo_work/IscrC_SISTER/tripteshb/venv/lib/python3.11/site-packages/numpy/_core/fromnumeric.py:3824: RuntimeWarning: Mean of empty slice
  return _methods._mean(a, axis=axis, dtype=dtype,
/leonardo_work/IscrC_SISTER/tripteshb/venv/lib/python3.11/site-packages/numpy/_core/_methods.py:142: RuntimeWarning: invalid value encountered in scalar divide
  ret = ret.dtype.type(ret / rcount)
INFO:root:epoch: 2:
INFO:root:Epoch mean loss: 0.5737712917656734
INFO:root:train acc: 0.8751451442646023, val acc: 0.8609560067681896, new node val acc: 0.8539484621778884
INFO:root:train auc: 0.9498839574746155, val auc: 0.9372003666102651, new node val auc: 0.9353103352729287
INFO:root:train ap: 0.9503699434768444, val ap: 0.9395512315997571, new node val ap: 0.9387349880298581
INFO:root:start 3 epoch
/leonardo_work/IscrC_SISTER/tripteshb/venv/lib/python3.11/site-packages/numpy/_core/fromnumeric.py:3824: RuntimeWarning: Mean of empty slice
  return _methods._mean(a, axis=axis, dtype=dtype,
/leonardo_work/IscrC_SISTER/tripteshb/venv/lib/python3.11/site-packages/numpy/_core/_methods.py:142: RuntimeWarning: invalid value encountered in scalar divide
  ret = ret.dtype.type(ret / rcount)
/leonardo_work/IscrC_SISTER/tripteshb/venv/lib/python3.11/site-packages/numpy/_core/fromnumeric.py:3824: RuntimeWarning: Mean of empty slice
  return _methods._mean(a, axis=axis, dtype=dtype,
/leonardo_work/IscrC_SISTER/tripteshb/venv/lib/python3.11/site-packages/numpy/_core/_methods.py:142: RuntimeWarning: invalid value encountered in scalar divide
  ret = ret.dtype.type(ret / rcount)
INFO:root:epoch: 3:
INFO:root:Epoch mean loss: 0.5409408325852432
INFO:root:train acc: 0.8843314567206192, val acc: 0.8669627749576988, new node val acc: 0.86404821280133
INFO:root:train auc: 0.9554155838443752, val auc: 0.9409764523406655, new node val auc: 0.9388057633693544
INFO:root:train ap: 0.9561277556926377, val ap: 0.942818662025569, new node val ap: 0.9418728360851019
INFO:root:start 4 epoch
/leonardo_work/IscrC_SISTER/tripteshb/venv/lib/python3.11/site-packages/numpy/_core/fromnumeric.py:3824: RuntimeWarning: Mean of empty slice
  return _methods._mean(a, axis=axis, dtype=dtype,
/leonardo_work/IscrC_SISTER/tripteshb/venv/lib/python3.11/site-packages/numpy/_core/_methods.py:142: RuntimeWarning: invalid value encountered in scalar divide
  ret = ret.dtype.type(ret / rcount)
/leonardo_work/IscrC_SISTER/tripteshb/venv/lib/python3.11/site-packages/numpy/_core/fromnumeric.py:3824: RuntimeWarning: Mean of empty slice
  return _methods._mean(a, axis=axis, dtype=dtype,
/leonardo_work/IscrC_SISTER/tripteshb/venv/lib/python3.11/site-packages/numpy/_core/_methods.py:142: RuntimeWarning: invalid value encountered in scalar divide
  ret = ret.dtype.type(ret / rcount)
INFO:root:epoch: 4:
INFO:root:Epoch mean loss: 0.5211610315101487
INFO:root:train acc: 0.8878386699507389, val acc: 0.8734348561759729, new node val acc: 0.862718204488778
INFO:root:train auc: 0.95882730722831, val auc: 0.9458784545967288, new node val auc: 0.9415724577445275
INFO:root:train ap: 0.9596821557086921, val ap: 0.9473794564781147, new node val ap: 0.9441584736562522
INFO:root:start 5 epoch
/leonardo_work/IscrC_SISTER/tripteshb/venv/lib/python3.11/site-packages/numpy/_core/fromnumeric.py:3824: RuntimeWarning: Mean of empty slice
  return _methods._mean(a, axis=axis, dtype=dtype,
/leonardo_work/IscrC_SISTER/tripteshb/venv/lib/python3.11/site-packages/numpy/_core/_methods.py:142: RuntimeWarning: invalid value encountered in scalar divide
  ret = ret.dtype.type(ret / rcount)
/leonardo_work/IscrC_SISTER/tripteshb/venv/lib/python3.11/site-packages/numpy/_core/fromnumeric.py:3824: RuntimeWarning: Mean of empty slice
  return _methods._mean(a, axis=axis, dtype=dtype,
/leonardo_work/IscrC_SISTER/tripteshb/venv/lib/python3.11/site-packages/numpy/_core/_methods.py:142: RuntimeWarning: invalid value encountered in scalar divide
  ret = ret.dtype.type(ret / rcount)
INFO:root:epoch: 5:
INFO:root:Epoch mean loss: 0.5000264691601833
INFO:root:train acc: 0.8929195988740323, val acc: 0.8781302876480542, new node val acc: 0.870199501246883
INFO:root:train auc: 0.9619646903589022, val auc: 0.949178652002256, new node val auc: 0.945498753117207
INFO:root:train ap: 0.9630514159626645, val ap: 0.9511498156070111, new node val ap: 0.9480329025726407
INFO:root:start 6 epoch
/leonardo_work/IscrC_SISTER/tripteshb/venv/lib/python3.11/site-packages/numpy/_core/fromnumeric.py:3824: RuntimeWarning: Mean of empty slice
  return _methods._mean(a, axis=axis, dtype=dtype,
/leonardo_work/IscrC_SISTER/tripteshb/venv/lib/python3.11/site-packages/numpy/_core/_methods.py:142: RuntimeWarning: invalid value encountered in scalar divide
  ret = ret.dtype.type(ret / rcount)
/leonardo_work/IscrC_SISTER/tripteshb/venv/lib/python3.11/site-packages/numpy/_core/fromnumeric.py:3824: RuntimeWarning: Mean of empty slice
  return _methods._mean(a, axis=axis, dtype=dtype,
/leonardo_work/IscrC_SISTER/tripteshb/venv/lib/python3.11/site-packages/numpy/_core/_methods.py:142: RuntimeWarning: invalid value encountered in scalar divide
  ret = ret.dtype.type(ret / rcount)
INFO:root:epoch: 6:
INFO:root:Epoch mean loss: 0.48692877605337226
INFO:root:train acc: 0.8954618226600985, val acc: 0.8828468697123519, new node val acc: 0.876600166251039
INFO:root:train auc: 0.9637337526389866, val auc: 0.9528722504230118, new node val auc: 0.9500484898863951
INFO:root:train ap: 0.9646126396794952, val ap: 0.9543886362286114, new node val ap: 0.9525053078675241
INFO:root:start 7 epoch
/leonardo_work/IscrC_SISTER/tripteshb/venv/lib/python3.11/site-packages/numpy/_core/fromnumeric.py:3824: RuntimeWarning: Mean of empty slice
  return _methods._mean(a, axis=axis, dtype=dtype,
/leonardo_work/IscrC_SISTER/tripteshb/venv/lib/python3.11/site-packages/numpy/_core/_methods.py:142: RuntimeWarning: invalid value encountered in scalar divide
  ret = ret.dtype.type(ret / rcount)
/leonardo_work/IscrC_SISTER/tripteshb/venv/lib/python3.11/site-packages/numpy/_core/fromnumeric.py:3824: RuntimeWarning: Mean of empty slice
  return _methods._mean(a, axis=axis, dtype=dtype,
/leonardo_work/IscrC_SISTER/tripteshb/venv/lib/python3.11/site-packages/numpy/_core/_methods.py:142: RuntimeWarning: invalid value encountered in scalar divide
  ret = ret.dtype.type(ret / rcount)
INFO:root:epoch: 7:
INFO:root:Epoch mean loss: 0.4628260946772956
INFO:root:train acc: 0.9008365587614355, val acc: 0.8841370558375634, new node val acc: 0.878428927680798
INFO:root:train auc: 0.96717864934151, val auc: 0.9538606880992668, new node val auc: 0.9501426988085342
INFO:root:train ap: 0.9684531598011656, val ap: 0.9558108191211305, new node val ap: 0.9512106293838941
INFO:root:start 8 epoch
/leonardo_work/IscrC_SISTER/tripteshb/venv/lib/python3.11/site-packages/numpy/_core/fromnumeric.py:3824: RuntimeWarning: Mean of empty slice
  return _methods._mean(a, axis=axis, dtype=dtype,
/leonardo_work/IscrC_SISTER/tripteshb/venv/lib/python3.11/site-packages/numpy/_core/_methods.py:142: RuntimeWarning: invalid value encountered in scalar divide
  ret = ret.dtype.type(ret / rcount)
/leonardo_work/IscrC_SISTER/tripteshb/venv/lib/python3.11/site-packages/numpy/_core/fromnumeric.py:3824: RuntimeWarning: Mean of empty slice
  return _methods._mean(a, axis=axis, dtype=dtype,
/leonardo_work/IscrC_SISTER/tripteshb/venv/lib/python3.11/site-packages/numpy/_core/_methods.py:142: RuntimeWarning: invalid value encountered in scalar divide
  ret = ret.dtype.type(ret / rcount)
INFO:root:epoch: 8:
INFO:root:Epoch mean loss: 0.4517117441801602
INFO:root:train acc: 0.903920654468684, val acc: 0.8856598984771574, new node val acc: 0.8811720698254365
INFO:root:train auc: 0.9687428508595557, val auc: 0.9558650592216582, new node val auc: 0.9519423663064562
INFO:root:train ap: 0.9698374496924534, val ap: 0.9572044669437044, new node val ap: 0.9541307554284585
INFO:root:start 9 epoch
/leonardo_work/IscrC_SISTER/tripteshb/venv/lib/python3.11/site-packages/numpy/_core/fromnumeric.py:3824: RuntimeWarning: Mean of empty slice
  return _methods._mean(a, axis=axis, dtype=dtype,
/leonardo_work/IscrC_SISTER/tripteshb/venv/lib/python3.11/site-packages/numpy/_core/_methods.py:142: RuntimeWarning: invalid value encountered in scalar divide
  ret = ret.dtype.type(ret / rcount)
/leonardo_work/IscrC_SISTER/tripteshb/venv/lib/python3.11/site-packages/numpy/_core/fromnumeric.py:3824: RuntimeWarning: Mean of empty slice
  return _methods._mean(a, axis=axis, dtype=dtype,
/leonardo_work/IscrC_SISTER/tripteshb/venv/lib/python3.11/site-packages/numpy/_core/_methods.py:142: RuntimeWarning: invalid value encountered in scalar divide
  ret = ret.dtype.type(ret / rcount)
INFO:root:epoch: 9:
INFO:root:Epoch mean loss: 0.44324754850177345
INFO:root:train acc: 0.905893736805067, val acc: 0.889065143824027, new node val acc: 0.8822942643391521
INFO:root:train auc: 0.9696672577158943, val auc: 0.9583650592216583, new node val auc: 0.9543211415904683
INFO:root:train ap: 0.970404923280661, val ap: 0.9600749436239171, new node val ap: 0.956110820693102
INFO:root:start 10 epoch
/leonardo_work/IscrC_SISTER/tripteshb/venv/lib/python3.11/site-packages/numpy/_core/fromnumeric.py:3824: RuntimeWarning: Mean of empty slice
  return _methods._mean(a, axis=axis, dtype=dtype,
/leonardo_work/IscrC_SISTER/tripteshb/venv/lib/python3.11/site-packages/numpy/_core/_methods.py:142: RuntimeWarning: invalid value encountered in scalar divide
  ret = ret.dtype.type(ret / rcount)
/leonardo_work/IscrC_SISTER/tripteshb/venv/lib/python3.11/site-packages/numpy/_core/fromnumeric.py:3824: RuntimeWarning: Mean of empty slice
  return _methods._mean(a, axis=axis, dtype=dtype,
/leonardo_work/IscrC_SISTER/tripteshb/venv/lib/python3.11/site-packages/numpy/_core/_methods.py:142: RuntimeWarning: invalid value encountered in scalar divide
  ret = ret.dtype.type(ret / rcount)
INFO:root:epoch: 10:
INFO:root:Epoch mean loss: 0.4353204958617981
INFO:root:train acc: 0.9068508092892329, val acc: 0.8950296108291032, new node val acc: 0.8845802161263508
INFO:root:train auc: 0.9706940761033477, val auc: 0.9607466159052455, new node val auc: 0.9553352729287892
INFO:root:train ap: 0.9718893286418333, val ap: 0.9625566397113045, new node val ap: 0.9573729896427315
INFO:root:start 11 epoch
/leonardo_work/IscrC_SISTER/tripteshb/venv/lib/python3.11/site-packages/numpy/_core/fromnumeric.py:3824: RuntimeWarning: Mean of empty slice
  return _methods._mean(a, axis=axis, dtype=dtype,
/leonardo_work/IscrC_SISTER/tripteshb/venv/lib/python3.11/site-packages/numpy/_core/_methods.py:142: RuntimeWarning: invalid value encountered in scalar divide
  ret = ret.dtype.type(ret / rcount)
/leonardo_work/IscrC_SISTER/tripteshb/venv/lib/python3.11/site-packages/numpy/_core/fromnumeric.py:3824: RuntimeWarning: Mean of empty slice
  return _methods._mean(a, axis=axis, dtype=dtype,
/leonardo_work/IscrC_SISTER/tripteshb/venv/lib/python3.11/site-packages/numpy/_core/_methods.py:142: RuntimeWarning: invalid value encountered in scalar divide
  ret = ret.dtype.type(ret / rcount)
INFO:root:epoch: 11:
INFO:root:Epoch mean loss: 0.4338749495559725
INFO:root:train acc: 0.9067522871217454, val acc: 0.8894035532994926, new node val acc: 0.8827514546965919
INFO:root:train auc: 0.970941187041319, val auc: 0.9584545967287085, new node val auc: 0.9546148517594901
INFO:root:train ap: 0.9718247521441797, val ap: 0.9606753953702549, new node val ap: 0.9574278841420726
INFO:root:start 12 epoch
/leonardo_work/IscrC_SISTER/tripteshb/venv/lib/python3.11/site-packages/numpy/_core/fromnumeric.py:3824: RuntimeWarning: Mean of empty slice
  return _methods._mean(a, axis=axis, dtype=dtype,
/leonardo_work/IscrC_SISTER/tripteshb/venv/lib/python3.11/site-packages/numpy/_core/_methods.py:142: RuntimeWarning: invalid value encountered in scalar divide
  ret = ret.dtype.type(ret / rcount)
/leonardo_work/IscrC_SISTER/tripteshb/venv/lib/python3.11/site-packages/numpy/_core/fromnumeric.py:3824: RuntimeWarning: Mean of empty slice
  return _methods._mean(a, axis=axis, dtype=dtype,
/leonardo_work/IscrC_SISTER/tripteshb/venv/lib/python3.11/site-packages/numpy/_core/_methods.py:142: RuntimeWarning: invalid value encountered in scalar divide
  ret = ret.dtype.type(ret / rcount)
INFO:root:epoch: 12:
INFO:root:Epoch mean loss: 0.42386334018754257
INFO:root:train acc: 0.9083260028149192, val acc: 0.8915820642978003, new node val acc: 0.8812136325852037
INFO:root:train auc: 0.9721234869809992, val auc: 0.9597779187817258, new node val auc: 0.9538847326129122
INFO:root:train ap: 0.9730617124139941, val ap: 0.9616934878911776, new node val ap: 0.9553166331453216
INFO:root:start 13 epoch
/leonardo_work/IscrC_SISTER/tripteshb/venv/lib/python3.11/site-packages/numpy/_core/fromnumeric.py:3824: RuntimeWarning: Mean of empty slice
  return _methods._mean(a, axis=axis, dtype=dtype,
/leonardo_work/IscrC_SISTER/tripteshb/venv/lib/python3.11/site-packages/numpy/_core/_methods.py:142: RuntimeWarning: invalid value encountered in scalar divide
  ret = ret.dtype.type(ret / rcount)
/leonardo_work/IscrC_SISTER/tripteshb/venv/lib/python3.11/site-packages/numpy/_core/fromnumeric.py:3824: RuntimeWarning: Mean of empty slice
  return _methods._mean(a, axis=axis, dtype=dtype,
/leonardo_work/IscrC_SISTER/tripteshb/venv/lib/python3.11/site-packages/numpy/_core/_methods.py:142: RuntimeWarning: invalid value encountered in scalar divide
  ret = ret.dtype.type(ret / rcount)
INFO:root:epoch: 13:
INFO:root:Epoch mean loss: 0.4196384036041833
INFO:root:train acc: 0.9103263546798029, val acc: 0.8912859560067682, new node val acc: 0.8825436408977557
INFO:root:train auc: 0.9725919598874031, val auc: 0.9600387760857304, new node val auc: 0.9549584372402328
INFO:root:train ap: 0.9735403400865371, val ap: 0.9620256124971904, new node val ap: 0.9569741609870863
INFO:root:No improvment over 3 epochs, stop training
INFO:root:Loading the best model at epoch 11
/leonardo_work/IscrC_SISTER/tripteshb/SL-neural-network-for-temporal-graph/models/tgat.py:301: FutureWarning: You are using `torch.load` with `weights_only=False` (the current default value), which uses the default pickle module implicitly. It is possible to construct malicious pickle data which will execute arbitrary code during unpickling (See https://github.com/pytorch/pytorch/blob/main/SECURITY.md#untrusted-models for more details). In a future release, the default value for `weights_only` will be flipped to `True`. This limits the functions that could be executed during unpickling. Arbitrary objects will no longer be allowed to be loaded via this mode unless they are explicitly allowlisted by the user via `torch.serialization.add_safe_globals`. We recommend you start setting `weights_only=True` for any use case where you don't have full control of the loaded file. Please open an issue on GitHub for any issues related to this experimental feature.
  tgan.load_state_dict(torch.load(best_model_path))
INFO:root:Loaded the best model at epoch 11 for inference
/leonardo_work/IscrC_SISTER/tripteshb/venv/lib/python3.11/site-packages/numpy/_core/fromnumeric.py:3824: RuntimeWarning: Mean of empty slice
  return _methods._mean(a, axis=axis, dtype=dtype,
/leonardo_work/IscrC_SISTER/tripteshb/venv/lib/python3.11/site-packages/numpy/_core/_methods.py:142: RuntimeWarning: invalid value encountered in scalar divide
  ret = ret.dtype.type(ret / rcount)
/leonardo_work/IscrC_SISTER/tripteshb/venv/lib/python3.11/site-packages/numpy/_core/fromnumeric.py:3824: RuntimeWarning: Mean of empty slice
  return _methods._mean(a, axis=axis, dtype=dtype,
/leonardo_work/IscrC_SISTER/tripteshb/venv/lib/python3.11/site-packages/numpy/_core/_methods.py:142: RuntimeWarning: invalid value encountered in scalar divide
  ret = ret.dtype.type(ret / rcount)
INFO:root:Test statistics: Old nodes -- acc: 0.8746404399323181, auc: 0.9476677946982516, ap: 0.9501385748716645
INFO:root:Test statistics: New nodes -- acc: 0.8492449153574472, auc: 0.9331476938601528, ap: 0.937430732068779
INFO:root:Saving TGAN model
INFO:root:TGAN models saved
