INFO:root:Namespace(data='wikipedia', bs=200, prefix='hello_world', n_degree=20, n_head=2, n_epoch=50, n_layer=2, lr=0.0001, drop_out=0.1, gpu=0, node_dim=100, time_dim=100, agg_method='attn', attn_mode='prod', time='time', uniform=True)
INFO:utils.module:Aggregation uses attention model
INFO:utils.module:Using scaled prod attention
INFO:utils.module:Using scaled prod attention
INFO:utils.module:Using time encoding
INFO:root:num of training instances: 81029
INFO:root:num of batches per epoch: 406
INFO:root:start 0 epoch
/leonardo_work/IscrC_SISTER/tripteshb/venv/lib/python3.11/site-packages/numpy/_core/fromnumeric.py:3824: RuntimeWarning: Mean of empty slice
  return _methods._mean(a, axis=axis, dtype=dtype,
/leonardo_work/IscrC_SISTER/tripteshb/venv/lib/python3.11/site-packages/numpy/_core/_methods.py:142: RuntimeWarning: invalid value encountered in scalar divide
  ret = ret.dtype.type(ret / rcount)
/leonardo_work/IscrC_SISTER/tripteshb/venv/lib/python3.11/site-packages/numpy/_core/fromnumeric.py:3824: RuntimeWarning: Mean of empty slice
  return _methods._mean(a, axis=axis, dtype=dtype,
/leonardo_work/IscrC_SISTER/tripteshb/venv/lib/python3.11/site-packages/numpy/_core/_methods.py:142: RuntimeWarning: invalid value encountered in scalar divide
  ret = ret.dtype.type(ret / rcount)
INFO:root:epoch: 0:
INFO:root:Epoch mean loss: 0.8560111365588428
INFO:root:train acc: 0.7917294159042928, val acc: 0.815947546531303, new node val acc: 0.8136325852036574
INFO:root:train auc: 0.8794963556851312, val auc: 0.9005886914833615, new node val auc: 0.8983180936547519
INFO:root:train ap: 0.876522357361394, val ap: 0.9012447618598505, new node val ap: 0.9035611198430122
INFO:root:start 1 epoch
/leonardo_work/IscrC_SISTER/tripteshb/venv/lib/python3.11/site-packages/numpy/_core/fromnumeric.py:3824: RuntimeWarning: Mean of empty slice
  return _methods._mean(a, axis=axis, dtype=dtype,
/leonardo_work/IscrC_SISTER/tripteshb/venv/lib/python3.11/site-packages/numpy/_core/_methods.py:142: RuntimeWarning: invalid value encountered in scalar divide
  ret = ret.dtype.type(ret / rcount)
/leonardo_work/IscrC_SISTER/tripteshb/venv/lib/python3.11/site-packages/numpy/_core/fromnumeric.py:3824: RuntimeWarning: Mean of empty slice
  return _methods._mean(a, axis=axis, dtype=dtype,
/leonardo_work/IscrC_SISTER/tripteshb/venv/lib/python3.11/site-packages/numpy/_core/_methods.py:142: RuntimeWarning: invalid value encountered in scalar divide
  ret = ret.dtype.type(ret / rcount)
INFO:root:epoch: 1:
INFO:root:Epoch mean loss: 0.6526994631795461
INFO:root:train acc: 0.8564936664320901, val acc: 0.8402495769881555, new node val acc: 0.834123025768911
INFO:root:train auc: 0.9347324909520457, val auc: 0.9196594754653129, new node val auc: 0.9169617622610141
INFO:root:train ap: 0.9336984899786445, val ap: 0.9209666092948442, new node val ap: 0.9204457199813572
INFO:root:start 2 epoch
/leonardo_work/IscrC_SISTER/tripteshb/venv/lib/python3.11/site-packages/numpy/_core/fromnumeric.py:3824: RuntimeWarning: Mean of empty slice
  return _methods._mean(a, axis=axis, dtype=dtype,
/leonardo_work/IscrC_SISTER/tripteshb/venv/lib/python3.11/site-packages/numpy/_core/_methods.py:142: RuntimeWarning: invalid value encountered in scalar divide
  ret = ret.dtype.type(ret / rcount)
/leonardo_work/IscrC_SISTER/tripteshb/venv/lib/python3.11/site-packages/numpy/_core/fromnumeric.py:3824: RuntimeWarning: Mean of empty slice
  return _methods._mean(a, axis=axis, dtype=dtype,
/leonardo_work/IscrC_SISTER/tripteshb/venv/lib/python3.11/site-packages/numpy/_core/_methods.py:142: RuntimeWarning: invalid value encountered in scalar divide
  ret = ret.dtype.type(ret / rcount)
INFO:root:epoch: 2:
INFO:root:Epoch mean loss: 0.6038860511309995
INFO:root:train acc: 0.8677770935960591, val acc: 0.845241116751269, new node val acc: 0.8388196176226101
INFO:root:train auc: 0.9440979717502764, val auc: 0.9237239142695994, new node val auc: 0.9204655029093932
INFO:root:train ap: 0.9436427418377835, val ap: 0.9237779094156088, new node val ap: 0.9227506089772319
INFO:root:start 3 epoch
/leonardo_work/IscrC_SISTER/tripteshb/venv/lib/python3.11/site-packages/numpy/_core/fromnumeric.py:3824: RuntimeWarning: Mean of empty slice
  return _methods._mean(a, axis=axis, dtype=dtype,
/leonardo_work/IscrC_SISTER/tripteshb/venv/lib/python3.11/site-packages/numpy/_core/_methods.py:142: RuntimeWarning: invalid value encountered in scalar divide
  ret = ret.dtype.type(ret / rcount)
/leonardo_work/IscrC_SISTER/tripteshb/venv/lib/python3.11/site-packages/numpy/_core/fromnumeric.py:3824: RuntimeWarning: Mean of empty slice
  return _methods._mean(a, axis=axis, dtype=dtype,
/leonardo_work/IscrC_SISTER/tripteshb/venv/lib/python3.11/site-packages/numpy/_core/_methods.py:142: RuntimeWarning: invalid value encountered in scalar divide
  ret = ret.dtype.type(ret / rcount)
INFO:root:epoch: 3:
INFO:root:Epoch mean loss: 0.5704683234979366
INFO:root:train acc: 0.8760098522167489, val acc: 0.865228426395939, new node val acc: 0.8564837905236907
INFO:root:train auc: 0.9505181015632853, val auc: 0.9405358150028201, new node val auc: 0.9348600720421169
INFO:root:train ap: 0.950999215266346, val ap: 0.9430855529306718, new node val ap: 0.9379010001804619
INFO:root:start 4 epoch
/leonardo_work/IscrC_SISTER/tripteshb/venv/lib/python3.11/site-packages/numpy/_core/fromnumeric.py:3824: RuntimeWarning: Mean of empty slice
  return _methods._mean(a, axis=axis, dtype=dtype,
/leonardo_work/IscrC_SISTER/tripteshb/venv/lib/python3.11/site-packages/numpy/_core/_methods.py:142: RuntimeWarning: invalid value encountered in scalar divide
  ret = ret.dtype.type(ret / rcount)
/leonardo_work/IscrC_SISTER/tripteshb/venv/lib/python3.11/site-packages/numpy/_core/fromnumeric.py:3824: RuntimeWarning: Mean of empty slice
  return _methods._mean(a, axis=axis, dtype=dtype,
/leonardo_work/IscrC_SISTER/tripteshb/venv/lib/python3.11/site-packages/numpy/_core/_methods.py:142: RuntimeWarning: invalid value encountered in scalar divide
  ret = ret.dtype.type(ret / rcount)
INFO:root:epoch: 4:
INFO:root:Epoch mean loss: 0.5249309209473615
INFO:root:train acc: 0.8865877902885292, val acc: 0.8734983079526226, new node val acc: 0.8688279301745635
INFO:root:train auc: 0.9581480616014878, val auc: 0.9458298082346306, new node val auc: 0.9434732612912164
INFO:root:train ap: 0.9594411664207537, val ap: 0.9477333331070659, new node val ap: 0.9467149943017814
INFO:root:start 5 epoch
/leonardo_work/IscrC_SISTER/tripteshb/venv/lib/python3.11/site-packages/numpy/_core/fromnumeric.py:3824: RuntimeWarning: Mean of empty slice
  return _methods._mean(a, axis=axis, dtype=dtype,
/leonardo_work/IscrC_SISTER/tripteshb/venv/lib/python3.11/site-packages/numpy/_core/_methods.py:142: RuntimeWarning: invalid value encountered in scalar divide
  ret = ret.dtype.type(ret / rcount)
/leonardo_work/IscrC_SISTER/tripteshb/venv/lib/python3.11/site-packages/numpy/_core/fromnumeric.py:3824: RuntimeWarning: Mean of empty slice
  return _methods._mean(a, axis=axis, dtype=dtype,
/leonardo_work/IscrC_SISTER/tripteshb/venv/lib/python3.11/site-packages/numpy/_core/_methods.py:142: RuntimeWarning: invalid value encountered in scalar divide
  ret = ret.dtype.type(ret / rcount)
INFO:root:epoch: 5:
INFO:root:Epoch mean loss: 0.4944374705183095
INFO:root:train acc: 0.8938423645320196, val acc: 0.8751480541455161, new node val acc: 0.869409808811305
INFO:root:train auc: 0.962600809289233, val auc: 0.9489290750141003, new node val auc: 0.9466791354945968
INFO:root:train ap: 0.963551478472259, val ap: 0.9516687967260818, new node val ap: 0.9499496810875919
INFO:root:start 6 epoch
/leonardo_work/IscrC_SISTER/tripteshb/venv/lib/python3.11/site-packages/numpy/_core/fromnumeric.py:3824: RuntimeWarning: Mean of empty slice
  return _methods._mean(a, axis=axis, dtype=dtype,
/leonardo_work/IscrC_SISTER/tripteshb/venv/lib/python3.11/site-packages/numpy/_core/_methods.py:142: RuntimeWarning: invalid value encountered in scalar divide
  ret = ret.dtype.type(ret / rcount)
/leonardo_work/IscrC_SISTER/tripteshb/venv/lib/python3.11/site-packages/numpy/_core/fromnumeric.py:3824: RuntimeWarning: Mean of empty slice
  return _methods._mean(a, axis=axis, dtype=dtype,
/leonardo_work/IscrC_SISTER/tripteshb/venv/lib/python3.11/site-packages/numpy/_core/_methods.py:142: RuntimeWarning: invalid value encountered in scalar divide
  ret = ret.dtype.type(ret / rcount)
INFO:root:epoch: 6:
INFO:root:Epoch mean loss: 0.4750352349187353
INFO:root:train acc: 0.8983884588318085, val acc: 0.881070219966159, new node val acc: 0.8724438902743142
INFO:root:train auc: 0.9653082355232733, val auc: 0.9536068809926678, new node val auc: 0.9477777777777777
INFO:root:train ap: 0.9665976593083877, val ap: 0.9561547544817138, new node val ap: 0.9505774775149745
INFO:root:start 7 epoch
/leonardo_work/IscrC_SISTER/tripteshb/venv/lib/python3.11/site-packages/numpy/_core/fromnumeric.py:3824: RuntimeWarning: Mean of empty slice
  return _methods._mean(a, axis=axis, dtype=dtype,
/leonardo_work/IscrC_SISTER/tripteshb/venv/lib/python3.11/site-packages/numpy/_core/_methods.py:142: RuntimeWarning: invalid value encountered in scalar divide
  ret = ret.dtype.type(ret / rcount)
/leonardo_work/IscrC_SISTER/tripteshb/venv/lib/python3.11/site-packages/numpy/_core/fromnumeric.py:3824: RuntimeWarning: Mean of empty slice
  return _methods._mean(a, axis=axis, dtype=dtype,
/leonardo_work/IscrC_SISTER/tripteshb/venv/lib/python3.11/site-packages/numpy/_core/_methods.py:142: RuntimeWarning: invalid value encountered in scalar divide
  ret = ret.dtype.type(ret / rcount)
INFO:root:epoch: 7:
INFO:root:Epoch mean loss: 0.4623734203025038
INFO:root:train acc: 0.9007881773399014, val acc: 0.8848984771573604, new node val acc: 0.8746882793017456
INFO:root:train auc: 0.9670012591736201, val auc: 0.9551818950930627, new node val auc: 0.9488999722914935
INFO:root:train ap: 0.9682580775442383, val ap: 0.9571527237028126, new node val ap: 0.9516968831111046
INFO:root:start 8 epoch
/leonardo_work/IscrC_SISTER/tripteshb/venv/lib/python3.11/site-packages/numpy/_core/fromnumeric.py:3824: RuntimeWarning: Mean of empty slice
  return _methods._mean(a, axis=axis, dtype=dtype,
/leonardo_work/IscrC_SISTER/tripteshb/venv/lib/python3.11/site-packages/numpy/_core/_methods.py:142: RuntimeWarning: invalid value encountered in scalar divide
  ret = ret.dtype.type(ret / rcount)
/leonardo_work/IscrC_SISTER/tripteshb/venv/lib/python3.11/site-packages/numpy/_core/fromnumeric.py:3824: RuntimeWarning: Mean of empty slice
  return _methods._mean(a, axis=axis, dtype=dtype,
/leonardo_work/IscrC_SISTER/tripteshb/venv/lib/python3.11/site-packages/numpy/_core/_methods.py:142: RuntimeWarning: invalid value encountered in scalar divide
  ret = ret.dtype.type(ret / rcount)
INFO:root:epoch: 8:
INFO:root:Epoch mean loss: 0.45067782868892686
INFO:root:train acc: 0.9029882125263899, val acc: 0.8850676818950931, new node val acc: 0.8795095594347463
INFO:root:train auc: 0.9686013772996884, val auc: 0.95612239142696, new node val auc: 0.9535425325574951
INFO:root:train ap: 0.9695349758000885, val ap: 0.95718014791389, new node val ap: 0.9554379948851798
INFO:root:start 9 epoch
/leonardo_work/IscrC_SISTER/tripteshb/venv/lib/python3.11/site-packages/numpy/_core/fromnumeric.py:3824: RuntimeWarning: Mean of empty slice
  return _methods._mean(a, axis=axis, dtype=dtype,
/leonardo_work/IscrC_SISTER/tripteshb/venv/lib/python3.11/site-packages/numpy/_core/_methods.py:142: RuntimeWarning: invalid value encountered in scalar divide
  ret = ret.dtype.type(ret / rcount)
/leonardo_work/IscrC_SISTER/tripteshb/venv/lib/python3.11/site-packages/numpy/_core/fromnumeric.py:3824: RuntimeWarning: Mean of empty slice
  return _methods._mean(a, axis=axis, dtype=dtype,
/leonardo_work/IscrC_SISTER/tripteshb/venv/lib/python3.11/site-packages/numpy/_core/_methods.py:142: RuntimeWarning: invalid value encountered in scalar divide
  ret = ret.dtype.type(ret / rcount)
INFO:root:epoch: 9:
INFO:root:Epoch mean loss: 0.4418591596002649
INFO:root:train acc: 0.9041986277269529, val acc: 0.8905245346869712, new node val acc: 0.8825436408977557
INFO:root:train auc: 0.9696915351362221, val auc: 0.9588874788494076, new node val auc: 0.954889165973954
INFO:root:train ap: 0.9710687063580464, val ap: 0.961038149529587, new node val ap: 0.9577558434433533
INFO:root:start 10 epoch
/leonardo_work/IscrC_SISTER/tripteshb/venv/lib/python3.11/site-packages/numpy/_core/fromnumeric.py:3824: RuntimeWarning: Mean of empty slice
  return _methods._mean(a, axis=axis, dtype=dtype,
/leonardo_work/IscrC_SISTER/tripteshb/venv/lib/python3.11/site-packages/numpy/_core/_methods.py:142: RuntimeWarning: invalid value encountered in scalar divide
  ret = ret.dtype.type(ret / rcount)
/leonardo_work/IscrC_SISTER/tripteshb/venv/lib/python3.11/site-packages/numpy/_core/fromnumeric.py:3824: RuntimeWarning: Mean of empty slice
  return _methods._mean(a, axis=axis, dtype=dtype,
/leonardo_work/IscrC_SISTER/tripteshb/venv/lib/python3.11/site-packages/numpy/_core/_methods.py:142: RuntimeWarning: invalid value encountered in scalar divide
  ret = ret.dtype.type(ret / rcount)
INFO:root:epoch: 10:
INFO:root:Epoch mean loss: 0.4330091103544376
INFO:root:train acc: 0.9070205840957073, val acc: 0.8892766497461929, new node val acc: 0.8831670822942643
INFO:root:train auc: 0.9708089461646727, val auc: 0.9590150874224478, new node val auc: 0.9541147132169576
INFO:root:train ap: 0.9719209472350776, val ap: 0.9611676321721824, new node val ap: 0.9565060283696525
INFO:root:start 11 epoch
/leonardo_work/IscrC_SISTER/tripteshb/venv/lib/python3.11/site-packages/numpy/_core/fromnumeric.py:3824: RuntimeWarning: Mean of empty slice
  return _methods._mean(a, axis=axis, dtype=dtype,
/leonardo_work/IscrC_SISTER/tripteshb/venv/lib/python3.11/site-packages/numpy/_core/_methods.py:142: RuntimeWarning: invalid value encountered in scalar divide
  ret = ret.dtype.type(ret / rcount)
/leonardo_work/IscrC_SISTER/tripteshb/venv/lib/python3.11/site-packages/numpy/_core/fromnumeric.py:3824: RuntimeWarning: Mean of empty slice
  return _methods._mean(a, axis=axis, dtype=dtype,
/leonardo_work/IscrC_SISTER/tripteshb/venv/lib/python3.11/site-packages/numpy/_core/_methods.py:142: RuntimeWarning: invalid value encountered in scalar divide
  ret = ret.dtype.type(ret / rcount)
INFO:root:epoch: 11:
INFO:root:Epoch mean loss: 0.4267758517870175
INFO:root:train acc: 0.9085643912737509, val acc: 0.8914340101522843, new node val acc: 0.886658354114713
INFO:root:train auc: 0.9715811513521666, val auc: 0.9601776649746193, new node val auc: 0.9569382100304793
INFO:root:train ap: 0.9726192481057085, val ap: 0.9618866900387653, new node val ap: 0.9586462125724772
INFO:root:start 12 epoch
/leonardo_work/IscrC_SISTER/tripteshb/venv/lib/python3.11/site-packages/numpy/_core/fromnumeric.py:3824: RuntimeWarning: Mean of empty slice
  return _methods._mean(a, axis=axis, dtype=dtype,
/leonardo_work/IscrC_SISTER/tripteshb/venv/lib/python3.11/site-packages/numpy/_core/_methods.py:142: RuntimeWarning: invalid value encountered in scalar divide
  ret = ret.dtype.type(ret / rcount)
/leonardo_work/IscrC_SISTER/tripteshb/venv/lib/python3.11/site-packages/numpy/_core/fromnumeric.py:3824: RuntimeWarning: Mean of empty slice
  return _methods._mean(a, axis=axis, dtype=dtype,
/leonardo_work/IscrC_SISTER/tripteshb/venv/lib/python3.11/site-packages/numpy/_core/_methods.py:142: RuntimeWarning: invalid value encountered in scalar divide
  ret = ret.dtype.type(ret / rcount)
INFO:root:epoch: 12:
INFO:root:Epoch mean loss: 0.42068189555054225
INFO:root:train acc: 0.909292751583392, val acc: 0.8902072758037225, new node val acc: 0.8859102244389028
INFO:root:train auc: 0.9723288378405549, val auc: 0.9590066271855612, new node val auc: 0.9566805209199225
INFO:root:train ap: 0.9732490514095543, val ap: 0.9605809818092613, new node val ap: 0.9588886632320394
INFO:root:No improvment over 3 epochs, stop training
INFO:root:Loading the best model at epoch 10
/leonardo_work/IscrC_SISTER/tripteshb/SL-neural-network-for-temporal-graph/models/tgat.py:301: FutureWarning: You are using `torch.load` with `weights_only=False` (the current default value), which uses the default pickle module implicitly. It is possible to construct malicious pickle data which will execute arbitrary code during unpickling (See https://github.com/pytorch/pytorch/blob/main/SECURITY.md#untrusted-models for more details). In a future release, the default value for `weights_only` will be flipped to `True`. This limits the functions that could be executed during unpickling. Arbitrary objects will no longer be allowed to be loaded via this mode unless they are explicitly allowlisted by the user via `torch.serialization.add_safe_globals`. We recommend you start setting `weights_only=True` for any use case where you don't have full control of the loaded file. Please open an issue on GitHub for any issues related to this experimental feature.
  tgan.load_state_dict(torch.load(best_model_path))
INFO:root:Loaded the best model at epoch 10 for inference
/leonardo_work/IscrC_SISTER/tripteshb/venv/lib/python3.11/site-packages/numpy/_core/fromnumeric.py:3824: RuntimeWarning: Mean of empty slice
  return _methods._mean(a, axis=axis, dtype=dtype,
/leonardo_work/IscrC_SISTER/tripteshb/venv/lib/python3.11/site-packages/numpy/_core/_methods.py:142: RuntimeWarning: invalid value encountered in scalar divide
  ret = ret.dtype.type(ret / rcount)
/leonardo_work/IscrC_SISTER/tripteshb/venv/lib/python3.11/site-packages/numpy/_core/fromnumeric.py:3824: RuntimeWarning: Mean of empty slice
  return _methods._mean(a, axis=axis, dtype=dtype,
/leonardo_work/IscrC_SISTER/tripteshb/venv/lib/python3.11/site-packages/numpy/_core/_methods.py:142: RuntimeWarning: invalid value encountered in scalar divide
  ret = ret.dtype.type(ret / rcount)
INFO:root:Test statistics: Old nodes -- acc: 0.8773265651438241, auc: 0.9487260293288212, ap: 0.9522579000493615
INFO:root:Test statistics: New nodes -- acc: 0.8529959810010962, auc: 0.933244776171338, ap: 0.9380654462786789
INFO:root:Saving TGAN model
INFO:root:TGAN models saved
